Archive member included to satisfy reference by file (symbol)

e:/program files (x86)/normal-riscv-none-gcc-8.2.0-2.2-20190521-0004-win64/bin/../lib/gcc/riscv-none-embed/8.2.0/rv32imac/ilp32\libgcc.a(_divdi3.o)
                              ./build/Debug/source/sys/systick.o (__divdi3)
e:/program files (x86)/normal-riscv-none-gcc-8.2.0-2.2-20190521-0004-win64/bin/../lib/gcc/riscv-none-embed/8.2.0/rv32imac/ilp32\libgcc.a(_udivdi3.o)
                              ./build/Debug/source/sys/systick.o (__udivdi3)
e:/program files (x86)/normal-riscv-none-gcc-8.2.0-2.2-20190521-0004-win64/bin/../lib/gcc/riscv-none-embed/8.2.0/rv32imac/ilp32\libgcc.a(_clz.o)
                              e:/program files (x86)/normal-riscv-none-gcc-8.2.0-2.2-20190521-0004-win64/bin/../lib/gcc/riscv-none-embed/8.2.0/rv32imac/ilp32\libgcc.a(_divdi3.o) (__clz_tab)
e:/program files (x86)/normal-riscv-none-gcc-8.2.0-2.2-20190521-0004-win64/bin/../lib/gcc/riscv-none-embed/8.2.0/../../../../riscv-none-embed/lib/rv32imac/ilp32\libc_nano.a(lib_a-atexit.o)
                              ./build/Debug/firmware/RISCV/env_Eclipse/start.o (atexit)
e:/program files (x86)/normal-riscv-none-gcc-8.2.0-2.2-20190521-0004-win64/bin/../lib/gcc/riscv-none-embed/8.2.0/../../../../riscv-none-embed/lib/rv32imac/ilp32\libc_nano.a(lib_a-exit.o)
                              ./build/Debug/firmware/RISCV/env_Eclipse/start.o (exit)
e:/program files (x86)/normal-riscv-none-gcc-8.2.0-2.2-20190521-0004-win64/bin/../lib/gcc/riscv-none-embed/8.2.0/../../../../riscv-none-embed/lib/rv32imac/ilp32\libc_nano.a(lib_a-fini.o)
                              ./build/Debug/firmware/RISCV/env_Eclipse/start.o (__libc_fini_array)
e:/program files (x86)/normal-riscv-none-gcc-8.2.0-2.2-20190521-0004-win64/bin/../lib/gcc/riscv-none-embed/8.2.0/../../../../riscv-none-embed/lib/rv32imac/ilp32\libc_nano.a(lib_a-impure.o)
                              e:/program files (x86)/normal-riscv-none-gcc-8.2.0-2.2-20190521-0004-win64/bin/../lib/gcc/riscv-none-embed/8.2.0/../../../../riscv-none-embed/lib/rv32imac/ilp32\libc_nano.a(lib_a-exit.o) (_global_impure_ptr)
e:/program files (x86)/normal-riscv-none-gcc-8.2.0-2.2-20190521-0004-win64/bin/../lib/gcc/riscv-none-embed/8.2.0/../../../../riscv-none-embed/lib/rv32imac/ilp32\libc_nano.a(lib_a-init.o)
                              ./build/Debug/firmware/RISCV/env_Eclipse/start.o (__libc_init_array)
e:/program files (x86)/normal-riscv-none-gcc-8.2.0-2.2-20190521-0004-win64/bin/../lib/gcc/riscv-none-embed/8.2.0/../../../../riscv-none-embed/lib/rv32imac/ilp32\libc_nano.a(lib_a-sprintf.o)
                              ./build/Debug/source/main.o (sprintf)
e:/program files (x86)/normal-riscv-none-gcc-8.2.0-2.2-20190521-0004-win64/bin/../lib/gcc/riscv-none-embed/8.2.0/../../../../riscv-none-embed/lib/rv32imac/ilp32\libc_nano.a(lib_a-strlen.o)
                              ./build/Debug/firmware/RISCV/stubs/write.o (strlen)
e:/program files (x86)/normal-riscv-none-gcc-8.2.0-2.2-20190521-0004-win64/bin/../lib/gcc/riscv-none-embed/8.2.0/../../../../riscv-none-embed/lib/rv32imac/ilp32\libc_nano.a(lib_a-sysisatty.o)
                              ./build/Debug/firmware/RISCV/stubs/fstat.o (isatty)
e:/program files (x86)/normal-riscv-none-gcc-8.2.0-2.2-20190521-0004-win64/bin/../lib/gcc/riscv-none-embed/8.2.0/../../../../riscv-none-embed/lib/rv32imac/ilp32\libc_nano.a(lib_a-__atexit.o)
                              e:/program files (x86)/normal-riscv-none-gcc-8.2.0-2.2-20190521-0004-win64/bin/../lib/gcc/riscv-none-embed/8.2.0/../../../../riscv-none-embed/lib/rv32imac/ilp32\libc_nano.a(lib_a-atexit.o) (__register_exitproc)
e:/program files (x86)/normal-riscv-none-gcc-8.2.0-2.2-20190521-0004-win64/bin/../lib/gcc/riscv-none-embed/8.2.0/../../../../riscv-none-embed/lib/rv32imac/ilp32\libc_nano.a(lib_a-__call_atexit.o)
                              e:/program files (x86)/normal-riscv-none-gcc-8.2.0-2.2-20190521-0004-win64/bin/../lib/gcc/riscv-none-embed/8.2.0/../../../../riscv-none-embed/lib/rv32imac/ilp32\libc_nano.a(lib_a-__atexit.o) (__call_exitprocs)
e:/program files (x86)/normal-riscv-none-gcc-8.2.0-2.2-20190521-0004-win64/bin/../lib/gcc/riscv-none-embed/8.2.0/../../../../riscv-none-embed/lib/rv32imac/ilp32\libc_nano.a(lib_a-nano-svfprintf.o)
                              e:/program files (x86)/normal-riscv-none-gcc-8.2.0-2.2-20190521-0004-win64/bin/../lib/gcc/riscv-none-embed/8.2.0/../../../../riscv-none-embed/lib/rv32imac/ilp32\libc_nano.a(lib_a-sprintf.o) (_svfprintf_r)
e:/program files (x86)/normal-riscv-none-gcc-8.2.0-2.2-20190521-0004-win64/bin/../lib/gcc/riscv-none-embed/8.2.0/../../../../riscv-none-embed/lib/rv32imac/ilp32\libc_nano.a(lib_a-nano-vfprintf_i.o)
                              e:/program files (x86)/normal-riscv-none-gcc-8.2.0-2.2-20190521-0004-win64/bin/../lib/gcc/riscv-none-embed/8.2.0/../../../../riscv-none-embed/lib/rv32imac/ilp32\libc_nano.a(lib_a-nano-svfprintf.o) (_printf_i)
[...]
Memory Configuration

Name             Origin             Length             Attributes
flash            0x0000000008000000 0x0000000000010000 axrl !w
ram              0x0000000020000000 0x0000000000005000 axw !rl
*default*        0x0000000000000000 0xffffffffffffffff

Linker script and memory map

LOAD ./build/Debug/firmware/GD32VF103_standard_peripheral/Source/gd32vf103_adc.o
LOAD ./build/Debug/firmware/GD32VF103_standard_peripheral/Source/gd32vf103_bkp.o
LOAD ./build/Debug/firmware/GD32VF103_standard_peripheral/Source/gd32vf103_can.o
LOAD ./build/Debug/firmware/GD32VF103_standard_peripheral/Source/gd32vf103_crc.o
LOAD ./build/Debug/firmware/GD32VF103_standard_peripheral/Source/gd32vf103_dac.o
LOAD ./build/Debug/firmware/GD32VF103_standard_peripheral/Source/gd32vf103_dbg.o
LOAD ./build/Debug/firmware/GD32VF103_standard_peripheral/Source/gd32vf103_dma.o
LOAD ./build/Debug/firmware/GD32VF103_standard_peripheral/Source/gd32vf103_eclic.o
LOAD ./build/Debug/firmware/GD32VF103_standard_peripheral/Source/gd32vf103_exmc.o
LOAD ./build/Debug/firmware/GD32VF103_standard_peripheral/Source/gd32vf103_exti.o
LOAD ./build/Debug/firmware/GD32VF103_standard_peripheral/Source/gd32vf103_fmc.o
LOAD ./build/Debug/firmware/GD32VF103_standard_peripheral/Source/gd32vf103_fwdgt.o
LOAD ./build/Debug/firmware/GD32VF103_standard_peripheral/Source/gd32vf103_gpio.o
LOAD ./build/Debug/firmware/GD32VF103_standard_peripheral/Source/gd32vf103_i2c.o
LOAD ./build/Debug/firmware/GD32VF103_standard_peripheral/Source/gd32vf103_pmu.o
LOAD ./build/Debug/firmware/GD32VF103_standard_peripheral/Source/gd32vf103_rcu.o
LOAD ./build/Debug/firmware/GD32VF103_standard_peripheral/Source/gd32vf103_rtc.o
LOAD ./build/Debug/firmware/GD32VF103_standard_peripheral/Source/gd32vf103_spi.o
LOAD ./build/Debug/firmware/GD32VF103_standard_peripheral/Source/gd32vf103_timer.o
LOAD ./build/Debug/firmware/GD32VF103_standard_peripheral/Source/gd32vf103_usart.o
LOAD ./build/Debug/firmware/GD32VF103_standard_peripheral/Source/gd32vf103_wwdgt.o
LOAD ./build/Debug/firmware/GD32VF103_standard_peripheral/system_gd32vf103.o
LOAD ./build/Debug/firmware/RISCV/drivers/n200_func.o
LOAD ./build/Debug/firmware/RISCV/stubs/_exit.o
LOAD ./build/Debug/firmware/RISCV/stubs/close.o
LOAD ./build/Debug/firmware/RISCV/stubs/fstat.o
LOAD ./build/Debug/firmware/RISCV/stubs/isatty.o
LOAD ./build/Debug/firmware/RISCV/stubs/lseek.o
LOAD ./build/Debug/firmware/RISCV/stubs/read.o
LOAD ./build/Debug/firmware/RISCV/stubs/sbrk.o
LOAD ./build/Debug/firmware/RISCV/stubs/write.o
LOAD ./build/Debug/firmware/RISCV/stubs/write_hex.o
LOAD ./build/Debug/source/fpm10a/FPM10A.o
LOAD ./build/Debug/source/init/init.o
LOAD ./build/Debug/source/init/motor.o
LOAD ./build/Debug/source/init/timer.o
LOAD ./build/Debug/source/init/usart.o
LOAD ./build/Debug/source/lcd1602/lcd1602.o
LOAD ./build/Debug/source/main.o
LOAD ./build/Debug/source/sys/handlers.o
LOAD ./build/Debug/source/sys/init.o
LOAD ./build/Debug/source/sys/systick.o
LOAD ./build/Debug/firmware/RISCV/env_Eclipse/entry.o
LOAD ./build/Debug/firmware/RISCV/env_Eclipse/start.o
LOAD e:/program files (x86)/normal-riscv-none-gcc-8.2.0-2.2-20190521-0004-win64/bin/../lib/gcc/riscv-none-embed/8.2.0/rv32imac/ilp32\libgcc.a
LOAD e:/program files (x86)/normal-riscv-none-gcc-8.2.0-2.2-20190521-0004-win64/bin/../lib/gcc/riscv-none-embed/8.2.0/../../../../riscv-none-embed/lib/rv32imac/ilp32\libc_nano.a
LOAD e:/program files (x86)/normal-riscv-none-gcc-8.2.0-2.2-20190521-0004-win64/bin/../lib/gcc/riscv-none-embed/8.2.0/rv32imac/ilp32\libgcc.a
START GROUP
LOAD e:/program files (x86)/normal-riscv-none-gcc-8.2.0-2.2-20190521-0004-win64/bin/../lib/gcc/riscv-none-embed/8.2.0/rv32imac/ilp32\libgcc.a
LOAD e:/program files (x86)/normal-riscv-none-gcc-8.2.0-2.2-20190521-0004-win64/bin/../lib/gcc/riscv-none-embed/8.2.0/../../../../riscv-none-embed/lib/rv32imac/ilp32\libc_nano.a
LOAD e:/program files (x86)/normal-riscv-none-gcc-8.2.0-2.2-20190521-0004-win64/bin/../lib/gcc/riscv-none-embed/8.2.0/../../../../riscv-none-embed/lib/rv32imac/ilp32\libnosys.a
END GROUP
START GROUP
LOAD e:/program files (x86)/normal-riscv-none-gcc-8.2.0-2.2-20190521-0004-win64/bin/../lib/gcc/riscv-none-embed/8.2.0/rv32imac/ilp32\libgcc.a
LOAD e:/program files (x86)/normal-riscv-none-gcc-8.2.0-2.2-20190521-0004-win64/bin/../lib/gcc/riscv-none-embed/8.2.0/../../../../riscv-none-embed/lib/rv32imac/ilp32\libc_nano.a
LOAD e:/program files (x86)/normal-riscv-none-gcc-8.2.0-2.2-20190521-0004-win64/bin/../lib/gcc/riscv-none-embed/8.2.0/../../../../riscv-none-embed/lib/rv32imac/ilp32\libnosys.a
END GROUP
                0x0000000000000800                __stack_size = DEFINED (__stack_size)?__stack_size:0x800

.init           0x0000000008000000      0x24c
 *(SORT_NONE(.init))
 .init          0x0000000008000000      0x24c ./build/Debug/firmware/RISCV/env_Eclipse/start.o
                0x000000000800015c                _start
                0x000000000800023e                disable_mcycle_minstret
                0x0000000008000244                enable_mcycle_minstret

.ilalign        0x000000000800024c        0x0
                0x000000000800024c                . = ALIGN (0x4)
                [!provide]                        PROVIDE (_ilm_lma = .)

.ialign         0x000000000800024c        0x0
                [!provide]                        PROVIDE (_ilm = .)

.text           0x0000000008000280     0x2d52
 *(.rodata .rodata.*)
 .rodata.FPM10A_Get_Device
                0x0000000008000280        0xa ./build/Debug/source/fpm10a/FPM10A.o
                0x0000000008000280                FPM10A_Get_Device
 *fill*         0x000000000800028a        0x2 
 .rodata.FPM10A_Search
                0x000000000800028c        0xb ./build/Debug/source/fpm10a/FPM10A.o
                0x000000000800028c                FPM10A_Search
 *fill*         0x0000000008000297        0x1 
 .rodata.main.str1.4
                0x0000000008000298       0xd8 ./build/Debug/source/main.o
                                         0xdc (size before relaxing)
 .rodata.handle_nmi.str1.4
                0x0000000008000370        0x5 ./build/Debug/source/sys/handlers.o
 *fill*         0x0000000008000375        0x3 
 .rodata.handle_trap.str1.4
                0x0000000008000378        0x6 ./build/Debug/source/sys/handlers.o
 *fill*         0x000000000800037e        0x2 
 .rodata.__clz_tab
                0x0000000008000380      0x100 e:/program files (x86)/normal-riscv-none-gcc-8.2.0-2.2-20190521-0004-win64/bin/../lib/gcc/riscv-none-embed/8.2.0/rv32imac/ilp32\libgcc.a(_clz.o)
                0x0000000008000380                __clz_tab
 .rodata._svfprintf_r.str1.4
                0x0000000008000480       0x13 e:/program files (x86)/normal-riscv-none-gcc-8.2.0-2.2-20190521-0004-win64/bin/../lib/gcc/riscv-none-embed/8.2.0/../../../../riscv-none-embed/lib/rv32imac/ilp32\libc_nano.a(lib_a-nano-svfprintf.o)
 *fill*         0x0000000008000493        0x1 
 .rodata._printf_i.str1.4
                0x0000000008000494       0x28 e:/program files (x86)/normal-riscv-none-gcc-8.2.0-2.2-20190521-0004-win64/bin/../lib/gcc/riscv-none-embed/8.2.0/../../../../riscv-none-embed/lib/rv32imac/ilp32\libc_nano.a(lib_a-nano-vfprintf_i.o)
                                         0x25 (size before relaxing)
 *(.text.unlikely .text.unlikely.*)
 *(.text.startup .text.startup.*)
 .text.startup.main
                0x00000000080004bc      0x3e2 ./build/Debug/source/main.o
                0x00000000080004bc                main
 *(.text .text.*)
 .text.eclic_global_interrupt_enable
                0x000000000800089e        0x6 ./build/Debug/firmware/GD32VF103_standard_peripheral/Source/gd32vf103_eclic.o
                0x000000000800089e                eclic_global_interrupt_enable
 .text.eclic_priority_group_set
                0x00000000080008a4        0xc ./build/Debug/firmware/GD32VF103_standard_peripheral/Source/gd32vf103_eclic.o
                0x00000000080008a4                eclic_priority_group_set
 .text.eclic_irq_enable
                0x00000000080008b0       0x3a ./build/Debug/firmware/GD32VF103_standard_peripheral/Source/gd32vf103_eclic.o
                0x00000000080008b0                eclic_irq_enable
 .text.gpio_init
                0x00000000080008ea       0xa8 ./build/Debug/firmware/GD32VF103_standard_peripheral/Source/gd32vf103_gpio.o
                0x00000000080008ea                gpio_init
 .text.gpio_bit_set
                0x0000000008000992        0x4 ./build/Debug/firmware/GD32VF103_standard_peripheral/Source/gd32vf103_gpio.o
                0x0000000008000992                gpio_bit_set
 .text.gpio_bit_reset
                0x0000000008000996        0x4 ./build/Debug/firmware/GD32VF103_standard_peripheral/Source/gd32vf103_gpio.o
                0x0000000008000996                gpio_bit_reset
 .text.gpio_bit_write
                0x000000000800099a        0xa ./build/Debug/firmware/GD32VF103_standard_peripheral/Source/gd32vf103_gpio.o
                0x000000000800099a                gpio_bit_write
 .text.rcu_periph_clock_enable
                0x00000000080009a4       0x18 ./build/Debug/firmware/GD32VF103_standard_peripheral/Source/gd32vf103_rcu.o
                0x00000000080009a4                rcu_periph_clock_enable
 .text.rcu_periph_reset_enable
                0x00000000080009bc       0x18 ./build/Debug/firmware/GD32VF103_standard_peripheral/Source/gd32vf103_rcu.o
                0x00000000080009bc                rcu_periph_reset_enable
 .text.rcu_periph_reset_disable
                0x00000000080009d4       0x1c ./build/Debug/firmware/GD32VF103_standard_peripheral/Source/gd32vf103_rcu.o
                0x00000000080009d4                rcu_periph_reset_disable
 .text.rcu_clock_freq_get
                0x00000000080009f0      0x13c ./build/Debug/firmware/GD32VF103_standard_peripheral/Source/gd32vf103_rcu.o
                0x00000000080009f0                rcu_clock_freq_get
 .text.timer_interrupt_flag_get
                0x0000000008000b2c       0x16 ./build/Debug/firmware/GD32VF103_standard_peripheral/Source/gd32vf103_timer.o
                0x0000000008000b2c                timer_interrupt_flag_get
 .text.timer_interrupt_flag_clear
                0x0000000008000b42        0x8 ./build/Debug/firmware/GD32VF103_standard_peripheral/Source/gd32vf103_timer.o
                0x0000000008000b42                timer_interrupt_flag_clear
 .text.usart_deinit
                0x0000000008000b4a       0xca ./build/Debug/firmware/GD32VF103_standard_peripheral/Source/gd32vf103_usart.o
                0x0000000008000b4a                usart_deinit
 .text.usart_baudrate_set
                0x0000000008000c14       0x74 ./build/Debug/firmware/GD32VF103_standard_peripheral/Source/gd32vf103_usart.o
                0x0000000008000c14                usart_baudrate_set
 .text.usart_parity_config
                0x0000000008000c88       0x10 ./build/Debug/firmware/GD32VF103_standard_peripheral/Source/gd32vf103_usart.o
                0x0000000008000c88                usart_parity_config
 .text.usart_word_length_set
                0x0000000008000c98       0x12 ./build/Debug/firmware/GD32VF103_standard_peripheral/Source/gd32vf103_usart.o
                0x0000000008000c98                usart_word_length_set
 .text.usart_stop_bit_set
                0x0000000008000caa       0x12 ./build/Debug/firmware/GD32VF103_standard_peripheral/Source/gd32vf103_usart.o
                0x0000000008000caa                usart_stop_bit_set
 .text.usart_enable
                0x0000000008000cbc        0xa ./build/Debug/firmware/GD32VF103_standard_peripheral/Source/gd32vf103_usart.o
                0x0000000008000cbc                usart_enable
 .text.usart_transmit_config
                0x0000000008000cc6        0xa ./build/Debug/firmware/GD32VF103_standard_peripheral/Source/gd32vf103_usart.o
                0x0000000008000cc6                usart_transmit_config
 .text.usart_receive_config
                0x0000000008000cd0        0xa ./build/Debug/firmware/GD32VF103_standard_peripheral/Source/gd32vf103_usart.o
                0x0000000008000cd0                usart_receive_config
 .text.usart_data_transmit
                0x0000000008000cda        0x8 ./build/Debug/firmware/GD32VF103_standard_peripheral/Source/gd32vf103_usart.o
                0x0000000008000cda                usart_data_transmit
 .text.usart_hardware_flow_rts_config
                0x0000000008000ce2        0xc ./build/Debug/firmware/GD32VF103_standard_peripheral/Source/gd32vf103_usart.o
                0x0000000008000ce2                usart_hardware_flow_rts_config
 .text.usart_hardware_flow_cts_config
                0x0000000008000cee        0xc ./build/Debug/firmware/GD32VF103_standard_peripheral/Source/gd32vf103_usart.o
                0x0000000008000cee                usart_hardware_flow_cts_config
 .text.usart_flag_get
                0x0000000008000cfa       0x14 ./build/Debug/firmware/GD32VF103_standard_peripheral/Source/gd32vf103_usart.o
                0x0000000008000cfa                usart_flag_get
 .text.usart_interrupt_enable
                0x0000000008000d0e       0x18 ./build/Debug/firmware/GD32VF103_standard_peripheral/Source/gd32vf103_usart.o
                0x0000000008000d0e                usart_interrupt_enable
 .text.usart_interrupt_flag_get
                0x0000000008000d26       0x32 ./build/Debug/firmware/GD32VF103_standard_peripheral/Source/gd32vf103_usart.o
                0x0000000008000d26                usart_interrupt_flag_get
 .text.usart_interrupt_flag_clear
                0x0000000008000d58       0x1a ./build/Debug/firmware/GD32VF103_standard_peripheral/Source/gd32vf103_usart.o
                0x0000000008000d58                usart_interrupt_flag_clear
 .text.SystemInit
                0x0000000008000d72      0x11e ./build/Debug/firmware/GD32VF103_standard_peripheral/system_gd32vf103.o
                0x0000000008000d72                SystemInit
 .text.get_timer_value
                0x0000000008000e90       0x10 ./build/Debug/firmware/RISCV/drivers/n200_func.o
                0x0000000008000e90                get_timer_value
 .text.eclic_init
                0x0000000008000ea0       0x24 ./build/Debug/firmware/RISCV/drivers/n200_func.o
                0x0000000008000ea0                eclic_init
 .text.eclic_enable_interrupt
                0x0000000008000ec4       0x12 ./build/Debug/firmware/RISCV/drivers/n200_func.o
                0x0000000008000ec4                eclic_enable_interrupt
 .text.eclic_set_nlbits
                0x0000000008000ed6       0x18 ./build/Debug/firmware/RISCV/drivers/n200_func.o
                0x0000000008000ed6                eclic_set_nlbits
 .text.eclic_set_irq_lvl_abs
                0x0000000008000eee       0x48 ./build/Debug/firmware/RISCV/drivers/n200_func.o
                0x0000000008000eee                eclic_set_irq_lvl_abs
 .text.eclic_set_irq_priority
                0x0000000008000f36       0x4a ./build/Debug/firmware/RISCV/drivers/n200_func.o
                0x0000000008000f36                eclic_set_irq_priority
 .text.eclic_mode_enable
                0x0000000008000f80       0x12 ./build/Debug/firmware/RISCV/drivers/n200_func.o
                0x0000000008000f80                eclic_mode_enable
 .text._sbrk    0x0000000008000f92       0x30 ./build/Debug/firmware/RISCV/stubs/sbrk.o
                0x0000000008000f92                _sbrk
 .text.FPM10A_Cmd_Check
                0x0000000008000fc2       0x7c ./build/Debug/source/fpm10a/FPM10A.o
                0x0000000008000fc2                FPM10A_Cmd_Check
 .text.FPM10A_Receive_Data
                0x000000000800103e       0x56 ./build/Debug/source/fpm10a/FPM10A.o
                0x000000000800103e                FPM10A_Receive_Data
 .text.FPM10A_DeleChar
                0x0000000008001094      0x100 ./build/Debug/source/fpm10a/FPM10A.o
                0x0000000008001094                FPM10A_DeleChar
 .text.FPM10A_Cmd_Get_Img
                0x0000000008001194       0x8a ./build/Debug/source/fpm10a/FPM10A.o
                0x0000000008001194                FPM10A_Cmd_Get_Img
 .text.FINGERPRINT_Cmd_Img_To_Buffer1
                0x000000000800121e       0x7a ./build/Debug/source/fpm10a/FPM10A.o
                0x000000000800121e                FINGERPRINT_Cmd_Img_To_Buffer1
 .text.FINGERPRINT_Cmd_Img_To_Buffer2
                0x0000000008001298       0x7a ./build/Debug/source/fpm10a/FPM10A.o
                0x0000000008001298                FINGERPRINT_Cmd_Img_To_Buffer2
 .text.FPM10A_Cmd_Search_Finger
                0x0000000008001312       0x7c ./build/Debug/source/fpm10a/FPM10A.o
                0x0000000008001312                FPM10A_Cmd_Search_Finger
 .text.FPM10A_Cmd_Reg_Model
                0x000000000800138e       0x8a ./build/Debug/source/fpm10a/FPM10A.o
                0x000000000800138e                FPM10A_Cmd_Reg_Model
 .text.FINGERPRINT_Cmd_Delete_All_Model
                0x0000000008001418       0x8a ./build/Debug/source/fpm10a/FPM10A.o
                0x0000000008001418                FINGERPRINT_Cmd_Delete_All_Model
 .text.FPM10A_Cmd_Save_Finger
                0x00000000080014a2       0xbc ./build/Debug/source/fpm10a/FPM10A.o
                0x00000000080014a2                FPM10A_Cmd_Save_Finger
 .text.Device_Check
                0x000000000800155e       0x3a ./build/Debug/source/fpm10a/FPM10A.o
                0x000000000800155e                Device_Check
 .text.s_init   0x0000000008001598       0x2c ./build/Debug/source/init/init.o
                0x0000000008001598                s_init
 .text.rcu_init
                0x00000000080015c4       0x38 ./build/Debug/source/init/init.o
                0x00000000080015c4                rcu_init
 .text.pin_init
                0x00000000080015fc      0x128 ./build/Debug/source/init/init.o
                0x00000000080015fc                pin_init
 .text.usart_init
                0x0000000008001724       0xc6 ./build/Debug/source/init/init.o
                0x0000000008001724                usart_init
 .text.interrupt_init
                0x00000000080017ea       0x2a ./build/Debug/source/init/init.o
                0x00000000080017ea                interrupt_init
 .text.init     0x0000000008001814       0x30 ./build/Debug/source/init/init.o
                0x0000000008001814                init
 .text.open_door
                0x0000000008001844       0x60 ./build/Debug/source/init/motor.o
                0x0000000008001844                open_door
 .text.close_door
                0x00000000080018a4       0x60 ./build/Debug/source/init/motor.o
                0x00000000080018a4                close_door
 .text.TIMER0_UP_IRQHandler
                0x0000000008001904       0x5e ./build/Debug/source/init/timer.o
                0x0000000008001904                TIMER0_UP_IRQHandler
 .text.USART0_IRQHandler
                0x0000000008001962       0x74 ./build/Debug/source/init/usart.o
                0x0000000008001962                USART0_IRQHandler
 .text.avaliable
                0x00000000080019d6       0x26 ./build/Debug/source/init/usart.o
                0x00000000080019d6                avaliable
 .text.readch   0x00000000080019fc       0x3a ./build/Debug/source/init/usart.o
                0x00000000080019fc                readch
 .text._put_char
                0x0000000008001a36       0x3c ./build/Debug/source/init/usart.o
                0x0000000008001a36                _put_char
 .text.write    0x0000000008001a72       0x1c ./build/Debug/source/lcd1602/lcd1602.o
                0x0000000008001a72                write
 .text.write_command
                0x0000000008001a8e       0x70 ./build/Debug/source/lcd1602/lcd1602.o
                0x0000000008001a8e                write_command
 .text.write_data
                0x0000000008001afe       0x70 ./build/Debug/source/lcd1602/lcd1602.o
                0x0000000008001afe                write_data
 .text.write_string
                0x0000000008001b6e       0x7a ./build/Debug/source/lcd1602/lcd1602.o
                0x0000000008001b6e                write_string
 .text.handle_nmi
                0x0000000008001be8       0x22 ./build/Debug/source/sys/handlers.o
                0x0000000008001be8                handle_nmi
 .text.handle_trap
                0x0000000008001c0a       0x38 ./build/Debug/source/sys/handlers.o
                0x0000000008001c0a                handle_trap
 .text._init    0x0000000008001c42       0x2c ./build/Debug/source/sys/init.o
                0x0000000008001c42                _init
 .text._fini    0x0000000008001c6e        0x2 ./build/Debug/source/sys/init.o
                0x0000000008001c6e                _fini
 .text.delay_100us
                0x0000000008001c70       0x90 ./build/Debug/source/sys/systick.o
                0x0000000008001c70                delay_100us
 .text.delay_1ms
                0x0000000008001d00       0x8e ./build/Debug/source/sys/systick.o
                0x0000000008001d00                delay_1ms
 *fill*         0x0000000008001d8e       0x32 
 .text.trap     0x0000000008001dc0       0x82 ./build/Debug/firmware/RISCV/env_Eclipse/entry.o
                0x0000000008001dc0                trap_entry
 *fill*         0x0000000008001e42        0x2 
 .text.irq      0x0000000008001e44       0x72 ./build/Debug/firmware/RISCV/env_Eclipse/entry.o
                0x0000000008001e44                irq_entry
 .text.__udivdi3
                0x0000000008001eb6      0x398 e:/program files (x86)/normal-riscv-none-gcc-8.2.0-2.2-20190521-0004-win64/bin/../lib/gcc/riscv-none-embed/8.2.0/rv32imac/ilp32\libgcc.a(_udivdi3.o)
                0x0000000008001eb6                __udivdi3
 .text.atexit   0x000000000800224e       0x10 e:/program files (x86)/normal-riscv-none-gcc-8.2.0-2.2-20190521-0004-win64/bin/../lib/gcc/riscv-none-embed/8.2.0/../../../../riscv-none-embed/lib/rv32imac/ilp32\libc_nano.a(lib_a-atexit.o)
                0x000000000800224e                atexit
 .text.exit     0x000000000800225e       0x36 e:/program files (x86)/normal-riscv-none-gcc-8.2.0-2.2-20190521-0004-win64/bin/../lib/gcc/riscv-none-embed/8.2.0/../../../../riscv-none-embed/lib/rv32imac/ilp32\libc_nano.a(lib_a-exit.o)
                0x000000000800225e                exit
 .text.__libc_fini_array
                0x0000000008002294       0x3e e:/program files (x86)/normal-riscv-none-gcc-8.2.0-2.2-20190521-0004-win64/bin/../lib/gcc/riscv-none-embed/8.2.0/../../../../riscv-none-embed/lib/rv32imac/ilp32\libc_nano.a(lib_a-fini.o)
                0x0000000008002294                __libc_fini_array
 .text.__libc_init_array
                0x00000000080022d2       0x72 e:/program files (x86)/normal-riscv-none-gcc-8.2.0-2.2-20190521-0004-win64/bin/../lib/gcc/riscv-none-embed/8.2.0/../../../../riscv-none-embed/lib/rv32imac/ilp32\libc_nano.a(lib_a-init.o)
                0x00000000080022d2                __libc_init_array
 .text.sprintf  0x0000000008002344       0x4e e:/program files (x86)/normal-riscv-none-gcc-8.2.0-2.2-20190521-0004-win64/bin/../lib/gcc/riscv-none-embed/8.2.0/../../../../riscv-none-embed/lib/rv32imac/ilp32\libc_nano.a(lib_a-sprintf.o)
                0x0000000008002344                siprintf
                0x0000000008002344                sprintf
 .text.__register_exitproc
                0x0000000008002392       0x8c e:/program files (x86)/normal-riscv-none-gcc-8.2.0-2.2-20190521-0004-win64/bin/../lib/gcc/riscv-none-embed/8.2.0/../../../../riscv-none-embed/lib/rv32imac/ilp32\libc_nano.a(lib_a-__atexit.o)
                0x0000000008002392                __register_exitproc
 .text.__call_exitprocs
                0x000000000800241e       0xc8 e:/program files (x86)/normal-riscv-none-gcc-8.2.0-2.2-20190521-0004-win64/bin/../lib/gcc/riscv-none-embed/8.2.0/../../../../riscv-none-embed/lib/rv32imac/ilp32\libc_nano.a(lib_a-__call_atexit.o)
                0x000000000800241e                __call_exitprocs
 .text.__ssputs_r
                0x00000000080024e6      0x102 e:/program files (x86)/normal-riscv-none-gcc-8.2.0-2.2-20190521-0004-win64/bin/../lib/gcc/riscv-none-embed/8.2.0/../../../../riscv-none-embed/lib/rv32imac/ilp32\libc_nano.a(lib_a-nano-svfprintf.o)
                0x00000000080024e6                __ssputs_r
 .text._svfprintf_r
                0x00000000080025e8      0x29a e:/program files (x86)/normal-riscv-none-gcc-8.2.0-2.2-20190521-0004-win64/bin/../lib/gcc/riscv-none-embed/8.2.0/../../../../riscv-none-embed/lib/rv32imac/ilp32\libc_nano.a(lib_a-nano-svfprintf.o)
                0x00000000080025e8                _svfiprintf_r
                0x00000000080025e8                _svfprintf_r
 .text._printf_common
                0x0000000008002882      0x10c e:/program files (x86)/normal-riscv-none-gcc-8.2.0-2.2-20190521-0004-win64/bin/../lib/gcc/riscv-none-embed/8.2.0/../../../../riscv-none-embed/lib/rv32imac/ilp32\libc_nano.a(lib_a-nano-vfprintf_i.o)
                0x0000000008002882                _printf_common
 .text._printf_i
                0x000000000800298e      0x2ae e:/program files (x86)/normal-riscv-none-gcc-8.2.0-2.2-20190521-0004-win64/bin/../lib/gcc/riscv-none-embed/8.2.0/../../../../riscv-none-embed/lib/rv32imac/ilp32\libc_nano.a(lib_a-nano-vfprintf_i.o)
                0x000000000800298e                _printf_i
 .text.memchr   0x0000000008002c3c       0x1a e:/program files (x86)/normal-riscv-none-gcc-8.2.0-2.2-20190521-0004-win64/bin/../lib/gcc/riscv-none-embed/8.2.0/../../../../riscv-none-embed/lib/rv32imac/ilp32\libc_nano.a(lib_a-memchr.o)
                0x0000000008002c3c                memchr
 .text.memcpy   0x0000000008002c56       0xb6 e:/program files (x86)/normal-riscv-none-gcc-8.2.0-2.2-20190521-0004-win64/bin/../lib/gcc/riscv-none-embed/8.2.0/../../../../riscv-none-embed/lib/rv32imac/ilp32\libc_nano.a(lib_a-memcpy.o)
                0x0000000008002c56                memcpy
 .text.memmove  0x0000000008002d0c       0x4a e:/program files (x86)/normal-riscv-none-gcc-8.2.0-2.2-20190521-0004-win64/bin/../lib/gcc/riscv-none-embed/8.2.0/../../../../riscv-none-embed/lib/rv32imac/ilp32\libc_nano.a(lib_a-memmove.o)
                0x0000000008002d0c                memmove
 .text._free_r  0x0000000008002d56       0xb8 e:/program files (x86)/normal-riscv-none-gcc-8.2.0-2.2-20190521-0004-win64/bin/../lib/gcc/riscv-none-embed/8.2.0/../../../../riscv-none-embed/lib/rv32imac/ilp32\libc_nano.a(lib_a-nano-freer.o)
                0x0000000008002d56                _free_r
 .text._malloc_r
                0x0000000008002e0e      0x102 e:/program files (x86)/normal-riscv-none-gcc-8.2.0-2.2-20190521-0004-win64/bin/../lib/gcc/riscv-none-embed/8.2.0/../../../../riscv-none-embed/lib/rv32imac/ilp32\libc_nano.a(lib_a-nano-mallocr.o)
                0x0000000008002e0e                _malloc_r
 .text._realloc_r
                0x0000000008002f10       0x72 e:/program files (x86)/normal-riscv-none-gcc-8.2.0-2.2-20190521-0004-win64/bin/../lib/gcc/riscv-none-embed/8.2.0/../../../../riscv-none-embed/lib/rv32imac/ilp32\libc_nano.a(lib_a-nano-reallocr.o)
                0x0000000008002f10                _realloc_r
 .text._sbrk_r  0x0000000008002f82       0x36 e:/program files (x86)/normal-riscv-none-gcc-8.2.0-2.2-20190521-0004-win64/bin/../lib/gcc/riscv-none-embed/8.2.0/../../../../riscv-none-embed/lib/rv32imac/ilp32\libc_nano.a(lib_a-sbrkr.o)
                0x0000000008002f82                _sbrk_r
 .text.__malloc_lock
                0x0000000008002fb8        0x2 e:/program files (x86)/normal-riscv-none-gcc-8.2.0-2.2-20190521-0004-win64/bin/../lib/gcc/riscv-none-embed/8.2.0/../../../../riscv-none-embed/lib/rv32imac/ilp32\libc_nano.a(lib_a-mlock.o)
                0x0000000008002fb8                __malloc_lock
 .text.__malloc_unlock
                0x0000000008002fba        0x2 e:/program files (x86)/normal-riscv-none-gcc-8.2.0-2.2-20190521-0004-win64/bin/../lib/gcc/riscv-none-embed/8.2.0/../../../../riscv-none-embed/lib/rv32imac/ilp32\libc_nano.a(lib_a-mlock.o)
                0x0000000008002fba                __malloc_unlock
 .text._malloc_usable_size_r
                0x0000000008002fbc       0x14 e:/program files (x86)/normal-riscv-none-gcc-8.2.0-2.2-20190521-0004-win64/bin/../lib/gcc/riscv-none-embed/8.2.0/../../../../riscv-none-embed/lib/rv32imac/ilp32\libc_nano.a(lib_a-nano-msizer.o)
                0x0000000008002fbc                _malloc_usable_size_r
 .text._exit    0x0000000008002fd0        0x2 e:/program files (x86)/normal-riscv-none-gcc-8.2.0-2.2-20190521-0004-win64/bin/../lib/gcc/riscv-none-embed/8.2.0/../../../../riscv-none-embed/lib/rv32imac/ilp32\libnosys.a(_exit.o)
                0x0000000008002fd0                _exit
 *(.gnu.linkonce.t.*)

.sdata2.FPM10A_Img_To_Buffer1
                0x0000000008002fd4        0x7
 .sdata2.FPM10A_Img_To_Buffer1
                0x0000000008002fd4        0x7 ./build/Debug/source/fpm10a/FPM10A.o
                0x0000000008002fd4                FPM10A_Img_To_Buffer1

.sdata2.FPM10A_Img_To_Buffer2
                0x0000000008002fdc        0x7
 .sdata2.FPM10A_Img_To_Buffer2
                0x0000000008002fdc        0x7 ./build/Debug/source/fpm10a/FPM10A.o
                0x0000000008002fdc                FPM10A_Img_To_Buffer2

.sdata2._global_impure_ptr
                0x0000000008002fe4        0x4
 .sdata2._global_impure_ptr
                0x0000000008002fe4        0x4 e:/program files (x86)/normal-riscv-none-gcc-8.2.0-2.2-20190521-0004-win64/bin/../lib/gcc/riscv-none-embed/8.2.0/../../../../riscv-none-embed/lib/rv32imac/ilp32\libc_nano.a(lib_a-impure.o)
                0x0000000008002fe4                _global_impure_ptr

.rela.dyn       0x0000000008002fe8        0x0
 .rela.text._sbrk
                0x0000000008002fe8        0x0 ./build/Debug/firmware/GD32VF103_standard_peripheral/Source/gd32vf103_eclic.o
 .rela.sdata.curbrk.1526
                0x0000000008002fe8        0x0 ./build/Debug/firmware/GD32VF103_standard_peripheral/Source/gd32vf103_eclic.o
 .rela.text.FPM10A_Receive_Data
                0x0000000008002fe8        0x0 ./build/Debug/firmware/GD32VF103_standard_peripheral/Source/gd32vf103_eclic.o
 .rela.text.FPM10A_DeleChar
                0x0000000008002fe8        0x0 ./build/Debug/firmware/GD32VF103_standard_peripheral/Source/gd32vf103_eclic.o
 .rela.text.Device_Check
                0x0000000008002fe8        0x0 ./build/Debug/firmware/GD32VF103_standard_peripheral/Source/gd32vf103_eclic.o
 .rela.text.USART0_IRQHandler
                0x0000000008002fe8        0x0 ./build/Debug/firmware/GD32VF103_standard_peripheral/Source/gd32vf103_eclic.o
 .rela.text.readch
                0x0000000008002fe8        0x0 ./build/Debug/firmware/GD32VF103_standard_peripheral/Source/gd32vf103_eclic.o
 .rela.text.startup.main
                0x0000000008002fe8        0x0 ./build/Debug/firmware/GD32VF103_standard_peripheral/Source/gd32vf103_eclic.o
 .rela.text.handle_trap
                0x0000000008002fe8        0x0 ./build/Debug/firmware/GD32VF103_standard_peripheral/Source/gd32vf103_eclic.o
 .rela.text.trap
                0x0000000008002fe8        0x0 ./build/Debug/firmware/GD32VF103_standard_peripheral/Source/gd32vf103_eclic.o
 .rela.init     0x0000000008002fe8        0x0 ./build/Debug/firmware/GD32VF103_standard_peripheral/Source/gd32vf103_eclic.o
 .rela.text.__libc_fini_array
                0x0000000008002fe8        0x0 ./build/Debug/firmware/GD32VF103_standard_peripheral/Source/gd32vf103_eclic.o
 .rela.data.impure_data
                0x0000000008002fe8        0x0 ./build/Debug/firmware/GD32VF103_standard_peripheral/Source/gd32vf103_eclic.o
 .rela.text.__libc_init_array
                0x0000000008002fe8        0x0 ./build/Debug/firmware/GD32VF103_standard_peripheral/Source/gd32vf103_eclic.o
 .rela.text.__register_exitproc
                0x0000000008002fe8        0x0 ./build/Debug/firmware/GD32VF103_standard_peripheral/Source/gd32vf103_eclic.o
 .rela.text._svfprintf_r
                0x0000000008002fe8        0x0 ./build/Debug/firmware/GD32VF103_standard_peripheral/Source/gd32vf103_eclic.o
 .rela.text._sbrk_r
                0x0000000008002fe8        0x0 ./build/Debug/firmware/GD32VF103_standard_peripheral/Source/gd32vf103_eclic.o

.fini
 *(SORT_NONE(.fini))
                0x0000000008002fe8                . = ALIGN (0x4)
                [!provide]                        PROVIDE (__etext = .)
                [!provide]                        PROVIDE (_etext = .)
                [!provide]                        PROVIDE (etext = .)
                [!provide]                        PROVIDE (_eilm = .)

.preinit_array  0x0000000008002fe8        0x0
                0x0000000008002fe8                PROVIDE (__preinit_array_start = .)
 *(.preinit_array)
                0x0000000008002fe8                PROVIDE (__preinit_array_end = .)

.init_array     0x0000000008002fe8        0x0
                0x0000000008002fe8                PROVIDE (__init_array_start = .)
 *(SORT_BY_INIT_PRIORITY(.init_array.*) SORT_BY_INIT_PRIORITY(.ctors.*))
 *(.init_array EXCLUDE_FILE(*crtend?.o *crtend.o *crtbegin?.o *crtbegin.o) .ctors)
                0x0000000008002fe8                PROVIDE (__init_array_end = .)

.fini_array     0x0000000008002fe8        0x0
                0x0000000008002fe8                PROVIDE (__fini_array_start = .)
 *(SORT_BY_INIT_PRIORITY(.fini_array.*) SORT_BY_INIT_PRIORITY(.dtors.*))
 *(.fini_array EXCLUDE_FILE(*crtend?.o *crtend.o *crtbegin?.o *crtbegin.o) .dtors)
                0x0000000008002fe8                PROVIDE (__fini_array_end = .)

.ctors
 *crtbegin.o(.ctors)
 *crtbegin?.o(.ctors)
 *(EXCLUDE_FILE(*crtend?.o *crtend.o) .ctors)
 *(SORT_BY_NAME(.ctors.*))
 *(.ctors)

.dtors
 *crtbegin.o(.dtors)
 *crtbegin?.o(.dtors)
 *(EXCLUDE_FILE(*crtend?.o *crtend.o) .dtors)
 *(SORT_BY_NAME(.dtors.*))
 *(.dtors)
                0x0000000008002fe8                . = ALIGN (0x4)
                [!provide]                        PROVIDE (_eilm = .)

.lalign         0x0000000008002fe8        0x0
                0x0000000008002fe8                . = ALIGN (0x4)
                0x0000000008002fe8                PROVIDE (_data_lma = .)

.dalign         0x0000000020000000        0x0 load address 0x0000000008002fe8
                0x0000000020000000                . = ALIGN (0x4)
                0x0000000020000000                PROVIDE (_data = .)

.data           0x0000000020000000       0xa0 load address 0x0000000008002fe8
 *(.rdata)
 *(.gnu.linkonce.r.*)
 *(.data .data.*)
 .data.FPM10A_Save_Finger
                0x0000000020000000        0x9 ./build/Debug/source/fpm10a/FPM10A.o
                0x0000000020000000                FPM10A_Save_Finger
 *fill*         0x0000000020000009        0x3 
 .data.buff1    0x000000002000000c       0x10 ./build/Debug/source/main.o
                0x000000002000000c                buff1
 .data.buff2    0x000000002000001c       0x10 ./build/Debug/source/main.o
                0x000000002000001c                buff2
 .data.impure_data
                0x000000002000002c       0x60 e:/program files (x86)/normal-riscv-none-gcc-8.2.0-2.2-20190521-0004-win64/bin/../lib/gcc/riscv-none-embed/8.2.0/../../../../riscv-none-embed/lib/rv32imac/ilp32\libc_nano.a(lib_a-impure.o)
 *(.gnu.linkonce.d.*)
                0x0000000020000090                . = ALIGN (0x8)
 *fill*         0x000000002000008c        0x4 
                0x0000000020000890                PROVIDE (__global_pointer$ = (. + 0x800))
 *(.sdata .sdata.*)
 .sdata.SystemCoreClock
                0x0000000020000090        0x4 ./build/Debug/firmware/GD32VF103_standard_peripheral/system_gd32vf103.o
                0x0000000020000090                SystemCoreClock
 .sdata.curbrk.1526
                0x0000000020000094        0x4 ./build/Debug/firmware/RISCV/stubs/sbrk.o
 .sdata._impure_ptr
                0x0000000020000098        0x4 e:/program files (x86)/normal-riscv-none-gcc-8.2.0-2.2-20190521-0004-win64/bin/../lib/gcc/riscv-none-embed/8.2.0/../../../../riscv-none-embed/lib/rv32imac/ilp32\libc_nano.a(lib_a-impure.o)
                0x0000000020000098                _impure_ptr
 *(.gnu.linkonce.s.*)
                0x00000000200000a0                . = ALIGN (0x8)
 *fill*         0x000000002000009c        0x4 
 *(.srodata.cst16)
 *(.srodata.cst8)
 *(.srodata.cst4)
 *(.srodata.cst2)
 *(.srodata .srodata.*)
                0x00000000200000a0                . = ALIGN (0x4)
                0x00000000200000a0                PROVIDE (_edata = .)
                [!provide]                        PROVIDE (edata = .)
                [!provide]                        PROVIDE (_fbss = .)
                0x00000000200000a0                PROVIDE (__bss_start = .)

.bss            0x00000000200000a0      0xbec
 *(.sbss*)
 .sbss.TIME_TICK
                0x00000000200000a0        0x4 ./build/Debug/source/init/timer.o
                0x00000000200000a0                TIME_TICK
 .sbss.tick_1s  0x00000000200000a4        0x4 ./build/Debug/source/init/timer.o
                0x00000000200000a4                tick_1s
 .sbss.pe       0x00000000200000a8        0x4 ./build/Debug/source/init/usart.o
                0x00000000200000a8                pe
 .sbss.ps       0x00000000200000ac        0x4 ./build/Debug/source/init/usart.o
                0x00000000200000ac                ps
 .sbss._global_atexit
                0x00000000200000b0        0x4 e:/program files (x86)/normal-riscv-none-gcc-8.2.0-2.2-20190521-0004-win64/bin/../lib/gcc/riscv-none-embed/8.2.0/../../../../riscv-none-embed/lib/rv32imac/ilp32\libc_nano.a(lib_a-__call_atexit.o)
                0x00000000200000b0                _global_atexit
 .sbss.__malloc_free_list
                0x00000000200000b4        0x4 e:/program files (x86)/normal-riscv-none-gcc-8.2.0-2.2-20190521-0004-win64/bin/../lib/gcc/riscv-none-embed/8.2.0/../../../../riscv-none-embed/lib/rv32imac/ilp32\libc_nano.a(lib_a-nano-mallocr.o)
                0x00000000200000b4                __malloc_free_list
 .sbss.__malloc_sbrk_start
                0x00000000200000b8        0x4 e:/program files (x86)/normal-riscv-none-gcc-8.2.0-2.2-20190521-0004-win64/bin/../lib/gcc/riscv-none-embed/8.2.0/../../../../riscv-none-embed/lib/rv32imac/ilp32\libc_nano.a(lib_a-nano-mallocr.o)
                0x00000000200000b8                __malloc_sbrk_start
 *(.gnu.linkonce.sb.*)
 *(.bss .bss.*)
 .bss.finger_id
                0x00000000200000bc      0x190 ./build/Debug/source/main.o
 .bss.finger_time
                0x000000002000024c      0x190 ./build/Debug/source/main.o
 .bss._global_atexit0
                0x00000000200003dc       0x8c e:/program files (x86)/normal-riscv-none-gcc-8.2.0-2.2-20190521-0004-win64/bin/../lib/gcc/riscv-none-embed/8.2.0/../../../../riscv-none-embed/lib/rv32imac/ilp32\libc_nano.a(lib_a-__atexit.o)
 *(.gnu.linkonce.b.*)
 *(COMMON)
 COMMON         0x0000000020000468       0x20 ./build/Debug/source/fpm10a/FPM10A.o
                0x0000000020000468                FPM10A_RECEICE_BUFFER
 COMMON         0x0000000020000488      0x800 ./build/Debug/source/init/usart.o
                0x0000000020000488                str_read
                0x0000000020000888                buff
 COMMON         0x0000000020000c88        0x4 e:/program files (x86)/normal-riscv-none-gcc-8.2.0-2.2-20190521-0004-win64/bin/../lib/gcc/riscv-none-embed/8.2.0/../../../../riscv-none-embed/lib/rv32imac/ilp32\libc_nano.a(lib_a-reent.o)
                0x0000000020000c88                errno
                0x0000000020000c8c                . = ALIGN (0x4)
                0x0000000020000c90                . = ALIGN (0x8)
                0x0000000020000c90                PROVIDE (_end = .)
                [!provide]                        PROVIDE (end = .)

.stack          0x0000000020004800      0x800 load address 0x0000000020000c8c
                0x0000000020004800                PROVIDE (_heap_end = .)
                0x0000000000000800                . = __stack_size
 *fill*         0x0000000020004800      0x800 
                0x0000000020005000                PROVIDE (_sp = .)
OUTPUT(./build/Debug/gd32vf103_riscv.elf elf32-littleriscv)

.debug_info     0x0000000000000000     0xd87a
 .debug_info    0x0000000000000000      0x27a ./build/Debug/firmware/GD32VF103_standard_peripheral/Source/gd32vf103_eclic.o
 .debug_info    0x000000000000027a      0x70b ./build/Debug/firmware/GD32VF103_standard_peripheral/Source/gd32vf103_gpio.o
 .debug_info    0x0000000000000985     0x1012 ./build/Debug/firmware/GD32VF103_standard_peripheral/Source/gd32vf103_rcu.o
 .debug_info    0x0000000000001997     0x16ff ./build/Debug/firmware/GD32VF103_standard_peripheral/Source/gd32vf103_timer.o
 .debug_info    0x0000000000003096      0xc94 ./build/Debug/firmware/GD32VF103_standard_peripheral/Source/gd32vf103_usart.o
 .debug_info    0x0000000000003d2a      0x1ef ./build/Debug/firmware/GD32VF103_standard_peripheral/system_gd32vf103.o
 .debug_info    0x0000000000003f19     0x17f4 ./build/Debug/firmware/RISCV/drivers/n200_func.o
 .debug_info    0x000000000000570d       0xbd ./build/Debug/firmware/RISCV/stubs/sbrk.o
 .debug_info    0x00000000000057ca     0x1545 ./build/Debug/source/fpm10a/FPM10A.o
 .debug_info    0x0000000000006d0f     0x1419 ./build/Debug/source/init/init.o
 .debug_info    0x0000000000008128      0xaec ./build/Debug/source/init/motor.o
 .debug_info    0x0000000000008c14      0xa31 ./build/Debug/source/init/timer.o
 .debug_info    0x0000000000009645      0xce7 ./build/Debug/source/init/usart.o
 .debug_info    0x000000000000a32c      0xca9 ./build/Debug/source/lcd1602/lcd1602.o
 .debug_info    0x000000000000afd5     0x105f ./build/Debug/source/main.o
 .debug_info    0x000000000000c034      0xa62 ./build/Debug/source/sys/handlers.o
 .debug_info    0x000000000000ca96      0xbba ./build/Debug/source/sys/init.o
 .debug_info    0x000000000000d650      0x1e2 ./build/Debug/source/sys/systick.o
 .debug_info    0x000000000000d832       0x22 ./build/Debug/firmware/RISCV/env_Eclipse/entry.o
 .debug_info    0x000000000000d854       0x26 ./build/Debug/firmware/RISCV/env_Eclipse/start.o

.debug_abbrev   0x0000000000000000     0x2aae
 .debug_abbrev  0x0000000000000000       0xe5 ./build/Debug/firmware/GD32VF103_standard_peripheral/Source/gd32vf103_eclic.o
 .debug_abbrev  0x00000000000000e5      0x209 ./build/Debug/firmware/GD32VF103_standard_peripheral/Source/gd32vf103_gpio.o
 .debug_abbrev  0x00000000000002ee      0x2ad ./build/Debug/firmware/GD32VF103_standard_peripheral/Source/gd32vf103_rcu.o
 .debug_abbrev  0x000000000000059b      0x2d6 ./build/Debug/firmware/GD32VF103_standard_peripheral/Source/gd32vf103_timer.o
 .debug_abbrev  0x0000000000000871      0x1da ./build/Debug/firmware/GD32VF103_standard_peripheral/Source/gd32vf103_usart.o
 .debug_abbrev  0x0000000000000a4b       0xdc ./build/Debug/firmware/GD32VF103_standard_peripheral/system_gd32vf103.o
 .debug_abbrev  0x0000000000000b27      0x53b ./build/Debug/firmware/RISCV/drivers/n200_func.o
 .debug_abbrev  0x0000000000001062       0xaa ./build/Debug/firmware/RISCV/stubs/sbrk.o
 .debug_abbrev  0x000000000000110c      0x328 ./build/Debug/source/fpm10a/FPM10A.o
 .debug_abbrev  0x0000000000001434      0x2b5 ./build/Debug/source/init/init.o
 .debug_abbrev  0x00000000000016e9      0x23a ./build/Debug/source/init/motor.o
 .debug_abbrev  0x0000000000001923      0x24d ./build/Debug/source/init/timer.o
 .debug_abbrev  0x0000000000001b70      0x39a ./build/Debug/source/init/usart.o
 .debug_abbrev  0x0000000000001f0a      0x2d2 ./build/Debug/source/lcd1602/lcd1602.o
 .debug_abbrev  0x00000000000021dc      0x322 ./build/Debug/source/main.o
 .debug_abbrev  0x00000000000024fe      0x253 ./build/Debug/source/sys/handlers.o
 .debug_abbrev  0x0000000000002751      0x24a ./build/Debug/source/sys/init.o
 .debug_abbrev  0x000000000000299b       0xed ./build/Debug/source/sys/systick.o
 .debug_abbrev  0x0000000000002a88       0x12 ./build/Debug/firmware/RISCV/env_Eclipse/entry.o
 .debug_abbrev  0x0000000000002a9a       0x14 ./build/Debug/firmware/RISCV/env_Eclipse/start.o

.debug_loc      0x0000000000000000     0x3e31
 .debug_loc     0x0000000000000000       0xbb ./build/Debug/firmware/GD32VF103_standard_peripheral/Source/gd32vf103_eclic.o
 .debug_loc     0x00000000000000bb      0x449 ./build/Debug/firmware/GD32VF103_standard_peripheral/Source/gd32vf103_gpio.o
 .debug_loc     0x0000000000000504      0xb94 ./build/Debug/firmware/GD32VF103_standard_peripheral/Source/gd32vf103_rcu.o
 .debug_loc     0x0000000000001098      0xf95 ./build/Debug/firmware/GD32VF103_standard_peripheral/Source/gd32vf103_timer.o
 .debug_loc     0x000000000000202d      0x754 ./build/Debug/firmware/GD32VF103_standard_peripheral/Source/gd32vf103_usart.o
 .debug_loc     0x0000000000002781      0x1e4 ./build/Debug/firmware/GD32VF103_standard_peripheral/system_gd32vf103.o
 .debug_loc     0x0000000000002965      0x8e8 ./build/Debug/firmware/RISCV/drivers/n200_func.o
 .debug_loc     0x000000000000324d       0x21 ./build/Debug/firmware/RISCV/stubs/sbrk.o
 .debug_loc     0x000000000000326e      0x636 ./build/Debug/source/fpm10a/FPM10A.o
 .debug_loc     0x00000000000038a4       0x64 ./build/Debug/source/init/motor.o
 .debug_loc     0x0000000000003908      0x22d ./build/Debug/source/init/usart.o
 .debug_loc     0x0000000000003b35      0x153 ./build/Debug/source/lcd1602/lcd1602.o
 .debug_loc     0x0000000000003c88       0xc9 ./build/Debug/source/main.o
 .debug_loc     0x0000000000003d51       0x58 ./build/Debug/source/sys/handlers.o
 .debug_loc     0x0000000000003da9       0x88 ./build/Debug/source/sys/systick.o

.debug_aranges  0x0000000000000000      0xa28
 .debug_aranges
                0x0000000000000000       0x50 ./build/Debug/firmware/GD32VF103_standard_peripheral/Source/gd32vf103_eclic.o
 .debug_aranges
                0x0000000000000050       0xa0 ./build/Debug/firmware/GD32VF103_standard_peripheral/Source/gd32vf103_gpio.o
 .debug_aranges
                0x00000000000000f0      0x160 ./build/Debug/firmware/GD32VF103_standard_peripheral/Source/gd32vf103_rcu.o
 .debug_aranges
                0x0000000000000250      0x240 ./build/Debug/firmware/GD32VF103_standard_peripheral/Source/gd32vf103_timer.o
 .debug_aranges
                0x0000000000000490      0x170 ./build/Debug/firmware/GD32VF103_standard_peripheral/Source/gd32vf103_usart.o
 .debug_aranges
                0x0000000000000600       0x28 ./build/Debug/firmware/GD32VF103_standard_peripheral/system_gd32vf103.o
 .debug_aranges
                0x0000000000000628      0x140 ./build/Debug/firmware/RISCV/drivers/n200_func.o
 .debug_aranges
                0x0000000000000768       0x20 ./build/Debug/firmware/RISCV/stubs/sbrk.o
 .debug_aranges
                0x0000000000000788       0x78 ./build/Debug/source/fpm10a/FPM10A.o
 .debug_aranges
                0x0000000000000800       0x50 ./build/Debug/source/init/init.o
 .debug_aranges
                0x0000000000000850       0x28 ./build/Debug/source/init/motor.o
 .debug_aranges
                0x0000000000000878       0x20 ./build/Debug/source/init/timer.o
 .debug_aranges
                0x0000000000000898       0x58 ./build/Debug/source/init/usart.o
 .debug_aranges
                0x00000000000008f0       0x40 ./build/Debug/source/lcd1602/lcd1602.o
 .debug_aranges
                0x0000000000000930       0x30 ./build/Debug/source/main.o
 .debug_aranges
                0x0000000000000960       0x28 ./build/Debug/source/sys/handlers.o
 .debug_aranges
                0x0000000000000988       0x28 ./build/Debug/source/sys/init.o
 .debug_aranges
                0x00000000000009b0       0x30 ./build/Debug/source/sys/systick.o
 .debug_aranges
                0x00000000000009e0       0x28 ./build/Debug/firmware/RISCV/env_Eclipse/entry.o
 .debug_aranges
                0x0000000000000a08       0x20 ./build/Debug/firmware/RISCV/env_Eclipse/start.o

.debug_ranges   0x0000000000000000      0xdd0
 .debug_ranges  0x0000000000000000       0x40 ./build/Debug/firmware/GD32VF103_standard_peripheral/Source/gd32vf103_eclic.o
 .debug_ranges  0x0000000000000040       0x90 ./build/Debug/firmware/GD32VF103_standard_peripheral/Source/gd32vf103_gpio.o
 .debug_ranges  0x00000000000000d0      0x270 ./build/Debug/firmware/GD32VF103_standard_peripheral/Source/gd32vf103_rcu.o
 .debug_ranges  0x0000000000000340      0x280 ./build/Debug/firmware/GD32VF103_standard_peripheral/Source/gd32vf103_timer.o
 .debug_ranges  0x00000000000005c0      0x160 ./build/Debug/firmware/GD32VF103_standard_peripheral/Source/gd32vf103_usart.o
 .debug_ranges  0x0000000000000720       0x38 ./build/Debug/firmware/GD32VF103_standard_peripheral/system_gd32vf103.o
 .debug_ranges  0x0000000000000758      0x328 ./build/Debug/firmware/RISCV/drivers/n200_func.o
 .debug_ranges  0x0000000000000a80       0x10 ./build/Debug/firmware/RISCV/stubs/sbrk.o
 .debug_ranges  0x0000000000000a90      0x140 ./build/Debug/source/fpm10a/FPM10A.o
 .debug_ranges  0x0000000000000bd0       0x40 ./build/Debug/source/init/init.o
 .debug_ranges  0x0000000000000c10       0x18 ./build/Debug/source/init/motor.o
 .debug_ranges  0x0000000000000c28       0x10 ./build/Debug/source/init/timer.o
 .debug_ranges  0x0000000000000c38       0x78 ./build/Debug/source/init/usart.o
 .debug_ranges  0x0000000000000cb0       0x60 ./build/Debug/source/lcd1602/lcd1602.o
 .debug_ranges  0x0000000000000d10       0x50 ./build/Debug/source/main.o
 .debug_ranges  0x0000000000000d60       0x18 ./build/Debug/source/sys/handlers.o
 .debug_ranges  0x0000000000000d78       0x18 ./build/Debug/source/sys/init.o
 .debug_ranges  0x0000000000000d90       0x20 ./build/Debug/source/sys/systick.o
 .debug_ranges  0x0000000000000db0       0x20 ./build/Debug/firmware/RISCV/env_Eclipse/entry.o

.debug_line     0x0000000000000000     0xb880
 .debug_line    0x0000000000000000      0x344 ./build/Debug/firmware/GD32VF103_standard_peripheral/Source/gd32vf103_eclic.o
 .debug_line    0x0000000000000344      0xc21 ./build/Debug/firmware/GD32VF103_standard_peripheral/Source/gd32vf103_gpio.o
 .debug_line    0x0000000000000f65     0x167c ./build/Debug/firmware/GD32VF103_standard_peripheral/Source/gd32vf103_rcu.o
 .debug_line    0x00000000000025e1     0x2df9 ./build/Debug/firmware/GD32VF103_standard_peripheral/Source/gd32vf103_timer.o
 .debug_line    0x00000000000053da      0xe94 ./build/Debug/firmware/GD32VF103_standard_peripheral/Source/gd32vf103_usart.o
 .debug_line    0x000000000000626e      0x775 ./build/Debug/firmware/GD32VF103_standard_peripheral/system_gd32vf103.o
 .debug_line    0x00000000000069e3     0x13a6 ./build/Debug/firmware/RISCV/drivers/n200_func.o
 .debug_line    0x0000000000007d89      0x147 ./build/Debug/firmware/RISCV/stubs/sbrk.o
 .debug_line    0x0000000000007ed0      0xaa7 ./build/Debug/source/fpm10a/FPM10A.o
 .debug_line    0x0000000000008977      0x6dc ./build/Debug/source/init/init.o
 .debug_line    0x0000000000009053      0x394 ./build/Debug/source/init/motor.o
 .debug_line    0x00000000000093e7      0x353 ./build/Debug/source/init/timer.o
 .debug_line    0x000000000000973a      0x87c ./build/Debug/source/init/usart.o
 .debug_line    0x0000000000009fb6      0x5d4 ./build/Debug/source/lcd1602/lcd1602.o
 .debug_line    0x000000000000a58a      0x736 ./build/Debug/source/main.o
 .debug_line    0x000000000000acc0      0x27a ./build/Debug/source/sys/handlers.o
 .debug_line    0x000000000000af3a      0x2b1 ./build/Debug/source/sys/init.o
 .debug_line    0x000000000000b1eb      0x439 ./build/Debug/source/sys/systick.o
 .debug_line    0x000000000000b624       0xdf ./build/Debug/firmware/RISCV/env_Eclipse/entry.o
 .debug_line    0x000000000000b703      0x17d ./build/Debug/firmware/RISCV/env_Eclipse/start.o

.debug_str      0x0000000000000000     0x3377
 .debug_str     0x0000000000000000      0x26a ./build/Debug/firmware/GD32VF103_standard_peripheral/Source/gd32vf103_eclic.o
                                        0x2c7 (size before relaxing)
 .debug_str     0x000000000000026a      0x3f6 ./build/Debug/firmware/GD32VF103_standard_peripheral/Source/gd32vf103_gpio.o
                                        0x569 (size before relaxing)
 .debug_str     0x0000000000000660      0xa81 ./build/Debug/firmware/GD32VF103_standard_peripheral/Source/gd32vf103_rcu.o
                                        0xdd0 (size before relaxing)
 .debug_str     0x00000000000010e1      0xb0e ./build/Debug/firmware/GD32VF103_standard_peripheral/Source/gd32vf103_timer.o
                                        0xead (size before relaxing)
 .debug_str     0x0000000000001bef      0x59d ./build/Debug/firmware/GD32VF103_standard_peripheral/Source/gd32vf103_usart.o
                                        0x929 (size before relaxing)
 .debug_str     0x000000000000218c       0xa0 ./build/Debug/firmware/GD32VF103_standard_peripheral/system_gd32vf103.o
                                        0x23b (size before relaxing)
 .debug_str     0x000000000000222c      0x6ea ./build/Debug/firmware/RISCV/drivers/n200_func.o
                                        0x944 (size before relaxing)
 .debug_str     0x0000000000002916       0x44 ./build/Debug/firmware/RISCV/stubs/sbrk.o
                                        0x103 (size before relaxing)
 .debug_str     0x000000000000295a      0x26c ./build/Debug/source/fpm10a/FPM10A.o
                                        0x7be (size before relaxing)
 .debug_str     0x0000000000002bc6      0x48b ./build/Debug/source/init/init.o
                                        0xe5d (size before relaxing)
 .debug_str     0x0000000000003051       0x41 ./build/Debug/source/init/motor.o
                                        0x5a4 (size before relaxing)
 .debug_str     0x0000000000003092       0x2b ./build/Debug/source/init/timer.o
                                        0x5be (size before relaxing)
 .debug_str     0x00000000000030bd      0x13c ./build/Debug/source/init/usart.o
                                        0x7ac (size before relaxing)
 .debug_str     0x00000000000031f9       0x54 ./build/Debug/source/lcd1602/lcd1602.o
                                        0x5d9 (size before relaxing)
 .debug_str     0x000000000000324d       0x4f ./build/Debug/source/main.o
                                        0x6ed (size before relaxing)
 .debug_str     0x000000000000329c       0x48 ./build/Debug/source/sys/handlers.o
                                        0x58d (size before relaxing)
 .debug_str     0x00000000000032e4       0x1a ./build/Debug/source/sys/init.o
                                        0x95d (size before relaxing)
 .debug_str     0x00000000000032fe       0x23 ./build/Debug/source/sys/systick.o
                                        0x1c3 (size before relaxing)
 .debug_str     0x0000000000003321       0x31 ./build/Debug/firmware/RISCV/env_Eclipse/entry.o
                                         0x4f (size before relaxing)
 .debug_str     0x0000000000003352       0x25 ./build/Debug/firmware/RISCV/env_Eclipse/start.o
                                         0x4f (size before relaxing)

.comment        0x0000000000000000       0x39
 .comment       0x0000000000000000       0x39 ./build/Debug/firmware/GD32VF103_standard_peripheral/Source/gd32vf103_eclic.o
                                         0x3a (size before relaxing)
 .comment       0x0000000000000039       0x3a ./build/Debug/firmware/GD32VF103_standard_peripheral/Source/gd32vf103_gpio.o
 .comment       0x0000000000000039       0x3a ./build/Debug/firmware/GD32VF103_standard_peripheral/Source/gd32vf103_rcu.o
 .comment       0x0000000000000039       0x3a ./build/Debug/firmware/GD32VF103_standard_peripheral/Source/gd32vf103_timer.o
 .comment       0x0000000000000039       0x3a ./build/Debug/firmware/GD32VF103_standard_peripheral/Source/gd32vf103_usart.o
 .comment       0x0000000000000039       0x3a ./build/Debug/firmware/GD32VF103_standard_peripheral/system_gd32vf103.o
 .comment       0x0000000000000039       0x3a ./build/Debug/firmware/RISCV/drivers/n200_func.o
 .comment       0x0000000000000039       0x3a ./build/Debug/firmware/RISCV/stubs/sbrk.o
 .comment       0x0000000000000039       0x3a ./build/Debug/source/fpm10a/FPM10A.o
 .comment       0x0000000000000039       0x3a ./build/Debug/source/init/init.o
 .comment       0x0000000000000039       0x3a ./build/Debug/source/init/motor.o
 .comment       0x0000000000000039       0x3a ./build/Debug/source/init/timer.o
 .comment       0x0000000000000039       0x3a ./build/Debug/source/init/usart.o
 .comment       0x0000000000000039       0x3a ./build/Debug/source/lcd1602/lcd1602.o
 .comment       0x0000000000000039       0x3a ./build/Debug/source/main.o
 .comment       0x0000000000000039       0x3a ./build/Debug/source/sys/handlers.o
 .comment       0x0000000000000039       0x3a ./build/Debug/source/sys/init.o
 .comment       0x0000000000000039       0x3a ./build/Debug/source/sys/systick.o

.debug_frame    0x0000000000000000     0x1a68
 .debug_frame   0x0000000000000000       0x98 ./build/Debug/firmware/GD32VF103_standard_peripheral/Source/gd32vf103_eclic.o
 .debug_frame   0x0000000000000098      0x160 ./build/Debug/firmware/GD32VF103_standard_peripheral/Source/gd32vf103_gpio.o
 .debug_frame   0x00000000000001f8      0x2b4 ./build/Debug/firmware/GD32VF103_standard_peripheral/Source/gd32vf103_rcu.o
 .debug_frame   0x00000000000004ac      0x4e4 ./build/Debug/firmware/GD32VF103_standard_peripheral/Source/gd32vf103_timer.o
 .debug_frame   0x0000000000000990      0x30c ./build/Debug/firmware/GD32VF103_standard_peripheral/Source/gd32vf103_usart.o
 .debug_frame   0x0000000000000c9c       0x30 ./build/Debug/firmware/GD32VF103_standard_peripheral/system_gd32vf103.o
 .debug_frame   0x0000000000000ccc      0x26c ./build/Debug/firmware/RISCV/drivers/n200_func.o
 .debug_frame   0x0000000000000f38       0x20 ./build/Debug/firmware/RISCV/stubs/sbrk.o
 .debug_frame   0x0000000000000f58      0x1b4 ./build/Debug/source/fpm10a/FPM10A.o
 .debug_frame   0x000000000000110c       0xf0 ./build/Debug/source/init/init.o
 .debug_frame   0x00000000000011fc       0x60 ./build/Debug/source/init/motor.o
 .debug_frame   0x000000000000125c       0x34 ./build/Debug/source/init/timer.o
 .debug_frame   0x0000000000001290       0xc0 ./build/Debug/source/init/usart.o
 .debug_frame   0x0000000000001350       0xb4 ./build/Debug/source/lcd1602/lcd1602.o
 .debug_frame   0x0000000000001404       0x60 ./build/Debug/source/main.o
 .debug_frame   0x0000000000001464       0x40 ./build/Debug/source/sys/handlers.o
 .debug_frame   0x00000000000014a4       0x3c ./build/Debug/source/sys/init.o
 .debug_frame   0x00000000000014e0       0x74 ./build/Debug/source/sys/systick.o
 .debug_frame   0x0000000000001554       0x20 e:/program files (x86)/normal-riscv-none-gcc-8.2.0-2.2-20190521-0004-win64/bin/../lib/gcc/riscv-none-embed/8.2.0/../../../../riscv-none-embed/lib/rv32imac/ilp32\libc_nano.a(lib_a-atexit.o)
 .debug_frame   0x0000000000001574       0x28 e:/program files (x86)/normal-riscv-none-gcc-8.2.0-2.2-20190521-0004-win64/bin/../lib/gcc/riscv-none-embed/8.2.0/../../../../riscv-none-embed/lib/rv32imac/ilp32\libc_nano.a(lib_a-exit.o)
 .debug_frame   0x000000000000159c       0x38 e:/program files (x86)/normal-riscv-none-gcc-8.2.0-2.2-20190521-0004-win64/bin/../lib/gcc/riscv-none-embed/8.2.0/../../../../riscv-none-embed/lib/rv32imac/ilp32\libc_nano.a(lib_a-fini.o)
 .debug_frame   0x00000000000015d4       0x3c e:/program files (x86)/normal-riscv-none-gcc-8.2.0-2.2-20190521-0004-win64/bin/../lib/gcc/riscv-none-embed/8.2.0/../../../../riscv-none-embed/lib/rv32imac/ilp32\libc_nano.a(lib_a-init.o)
 .debug_frame   0x0000000000001610       0x48 e:/program files (x86)/normal-riscv-none-gcc-8.2.0-2.2-20190521-0004-win64/bin/../lib/gcc/riscv-none-embed/8.2.0/../../../../riscv-none-embed/lib/rv32imac/ilp32\libc_nano.a(lib_a-sprintf.o)
 .debug_frame   0x0000000000001658       0x20 e:/program files (x86)/normal-riscv-none-gcc-8.2.0-2.2-20190521-0004-win64/bin/../lib/gcc/riscv-none-embed/8.2.0/../../../../riscv-none-embed/lib/rv32imac/ilp32\libc_nano.a(lib_a-__atexit.o)
 .debug_frame   0x0000000000001678       0x54 e:/program files (x86)/normal-riscv-none-gcc-8.2.0-2.2-20190521-0004-win64/bin/../lib/gcc/riscv-none-embed/8.2.0/../../../../riscv-none-embed/lib/rv32imac/ilp32\libc_nano.a(lib_a-__call_atexit.o)
 .debug_frame   0x00000000000016cc       0xe0 e:/program files (x86)/normal-riscv-none-gcc-8.2.0-2.2-20190521-0004-win64/bin/../lib/gcc/riscv-none-embed/8.2.0/../../../../riscv-none-embed/lib/rv32imac/ilp32\libc_nano.a(lib_a-nano-svfprintf.o)
 .debug_frame   0x00000000000017ac       0x8c e:/program files (x86)/normal-riscv-none-gcc-8.2.0-2.2-20190521-0004-win64/bin/../lib/gcc/riscv-none-embed/8.2.0/../../../../riscv-none-embed/lib/rv32imac/ilp32\libc_nano.a(lib_a-nano-vfprintf_i.o)
 .debug_frame   0x0000000000001838       0x20 e:/program files (x86)/normal-riscv-none-gcc-8.2.0-2.2-20190521-0004-win64/bin/../lib/gcc/riscv-none-embed/8.2.0/../../../../riscv-none-embed/lib/rv32imac/ilp32\libc_nano.a(lib_a-memchr.o)
 .debug_frame   0x0000000000001858       0x20 e:/program files (x86)/normal-riscv-none-gcc-8.2.0-2.2-20190521-0004-win64/bin/../lib/gcc/riscv-none-embed/8.2.0/../../../../riscv-none-embed/lib/rv32imac/ilp32\libc_nano.a(lib_a-memcpy.o)
 .debug_frame   0x0000000000001878       0x20 e:/program files (x86)/normal-riscv-none-gcc-8.2.0-2.2-20190521-0004-win64/bin/../lib/gcc/riscv-none-embed/8.2.0/../../../../riscv-none-embed/lib/rv32imac/ilp32\libc_nano.a(lib_a-memmove.o)
 .debug_frame   0x0000000000001898       0x40 e:/program files (x86)/normal-riscv-none-gcc-8.2.0-2.2-20190521-0004-win64/bin/../lib/gcc/riscv-none-embed/8.2.0/../../../../riscv-none-embed/lib/rv32imac/ilp32\libc_nano.a(lib_a-nano-freer.o)
 .debug_frame   0x00000000000018d8       0x40 e:/program files (x86)/normal-riscv-none-gcc-8.2.0-2.2-20190521-0004-win64/bin/../lib/gcc/riscv-none-embed/8.2.0/../../../../riscv-none-embed/lib/rv32imac/ilp32\libc_nano.a(lib_a-nano-mallocr.o)
 .debug_frame   0x0000000000001918       0x40 e:/program files (x86)/normal-riscv-none-gcc-8.2.0-2.2-20190521-0004-win64/bin/../lib/gcc/riscv-none-embed/8.2.0/../../../../riscv-none-embed/lib/rv32imac/ilp32\libc_nano.a(lib_a-nano-reallocr.o)
 .debug_frame   0x0000000000001958       0x30 e:/program files (x86)/normal-riscv-none-gcc-8.2.0-2.2-20190521-0004-win64/bin/../lib/gcc/riscv-none-embed/8.2.0/../../../../riscv-none-embed/lib/rv32imac/ilp32\libc_nano.a(lib_a-sbrkr.o)
 .debug_frame   0x0000000000001988       0x30 e:/program files (x86)/normal-riscv-none-gcc-8.2.0-2.2-20190521-0004-win64/bin/../lib/gcc/riscv-none-embed/8.2.0/../../../../riscv-none-embed/lib/rv32imac/ilp32\libc_nano.a(lib_a-mlock.o)
 .debug_frame   0x00000000000019b8       0x20 e:/program files (x86)/normal-riscv-none-gcc-8.2.0-2.2-20190521-0004-win64/bin/../lib/gcc/riscv-none-embed/8.2.0/../../../../riscv-none-embed/lib/rv32imac/ilp32\libc_nano.a(lib_a-nano-msizer.o)
 .debug_frame   0x00000000000019d8       0x70 e:/program files (x86)/normal-riscv-none-gcc-8.2.0-2.2-20190521-0004-win64/bin/../lib/gcc/riscv-none-embed/8.2.0/../../../../riscv-none-embed/lib/rv32imac/ilp32\libc_nano.a(lib_a-reent.o)
 .debug_frame   0x0000000000001a48       0x20 e:/program files (x86)/normal-riscv-none-gcc-8.2.0-2.2-20190521-0004-win64/bin/../lib/gcc/riscv-none-embed/8.2.0/../../../../riscv-none-embed/lib/rv32imac/ilp32\libnosys.a(_exit.o)

Cross Reference Table

Symbol                                            File
ADC0_1_IRQHandler                                 ./build/Debug/firmware/RISCV/env_Eclipse/start.o
CAN0_EWMC_IRQHandler                              ./build/Debug/firmware/RISCV/env_Eclipse/start.o
CAN0_RX0_IRQHandler                               ./build/Debug/firmware/RISCV/env_Eclipse/start.o
CAN0_RX1_IRQHandler                               ./build/Debug/firmware/RISCV/env_Eclipse/start.o
CAN0_TX_IRQHandler                                ./build/Debug/firmware/RISCV/env_Eclipse/start.o
CAN1_EWMC_IRQHandler                              ./build/Debug/firmware/RISCV/env_Eclipse/start.o
CAN1_RX0_IRQHandler                               ./build/Debug/firmware/RISCV/env_Eclipse/start.o
CAN1_RX1_IRQHandler                               ./build/Debug/firmware/RISCV/env_Eclipse/start.o
CAN1_TX_IRQHandler                                ./build/Debug/firmware/RISCV/env_Eclipse/start.o
DMA0_Channel0_IRQHandler                          ./build/Debug/firmware/RISCV/env_Eclipse/start.o
DMA0_Channel1_IRQHandler                          ./build/Debug/firmware/RISCV/env_Eclipse/start.o
DMA0_Channel2_IRQHandler                          ./build/Debug/firmware/RISCV/env_Eclipse/start.o
DMA0_Channel3_IRQHandler                          ./build/Debug/firmware/RISCV/env_Eclipse/start.o
DMA0_Channel4_IRQHandler                          ./build/Debug/firmware/RISCV/env_Eclipse/start.o
DMA0_Channel5_IRQHandler                          ./build/Debug/firmware/RISCV/env_Eclipse/start.o
DMA0_Channel6_IRQHandler                          ./build/Debug/firmware/RISCV/env_Eclipse/start.o
DMA1_Channel0_IRQHandler                          ./build/Debug/firmware/RISCV/env_Eclipse/start.o
DMA1_Channel1_IRQHandler                          ./build/Debug/firmware/RISCV/env_Eclipse/start.o
DMA1_Channel2_IRQHandler                          ./build/Debug/firmware/RISCV/env_Eclipse/start.o
DMA1_Channel3_IRQHandler                          ./build/Debug/firmware/RISCV/env_Eclipse/start.o
DMA1_Channel4_IRQHandler                          ./build/Debug/firmware/RISCV/env_Eclipse/start.o
Deleid                                            ./build/Debug/source/main.o
Device_Check                                      ./build/Debug/source/fpm10a/FPM10A.o
                                                  ./build/Debug/source/main.o
EXMC_IRQHandler                                   ./build/Debug/firmware/RISCV/env_Eclipse/start.o
EXTI0_IRQHandler                                  ./build/Debug/firmware/RISCV/env_Eclipse/start.o
EXTI10_15_IRQHandler                              ./build/Debug/firmware/RISCV/env_Eclipse/start.o
EXTI1_IRQHandler                                  ./build/Debug/firmware/RISCV/env_Eclipse/start.o
EXTI2_IRQHandler                                  ./build/Debug/firmware/RISCV/env_Eclipse/start.o
EXTI3_IRQHandler                                  ./build/Debug/firmware/RISCV/env_Eclipse/start.o
EXTI4_IRQHandler                                  ./build/Debug/firmware/RISCV/env_Eclipse/start.o
EXTI5_9_IRQHandler                                ./build/Debug/firmware/RISCV/env_Eclipse/start.o
FINGERPRINT_Cmd_Delete_All_Model                  ./build/Debug/source/fpm10a/FPM10A.o
                                                  ./build/Debug/source/main.o
FINGERPRINT_Cmd_Img_To_Buffer1                    ./build/Debug/source/fpm10a/FPM10A.o
                                                  ./build/Debug/source/main.o
FINGERPRINT_Cmd_Img_To_Buffer2                    ./build/Debug/source/fpm10a/FPM10A.o
                                                  ./build/Debug/source/main.o
FMC_IRQHandler                                    ./build/Debug/firmware/RISCV/env_Eclipse/start.o
FPM10A_Cmd_Check                                  ./build/Debug/source/fpm10a/FPM10A.o
FPM10A_Cmd_Get_Img                                ./build/Debug/source/fpm10a/FPM10A.o
                                                  ./build/Debug/source/main.o
FPM10A_Cmd_Reg_Model                              ./build/Debug/source/fpm10a/FPM10A.o
                                                  ./build/Debug/source/main.o
FPM10A_Cmd_Save_Finger                            ./build/Debug/source/fpm10a/FPM10A.o
                                                  ./build/Debug/source/main.o
FPM10A_Cmd_Search_Finger                          ./build/Debug/source/fpm10a/FPM10A.o
                                                  ./build/Debug/source/main.o
FPM10A_Cmd_Send_Pack_Head                         ./build/Debug/source/fpm10a/FPM10A.o
FPM10A_DeleChar                                   ./build/Debug/source/fpm10a/FPM10A.o
                                                  ./build/Debug/source/main.o
FPM10A_Delete_All_Model                           ./build/Debug/source/fpm10a/FPM10A.o
FPM10A_Get_Device                                 ./build/Debug/source/fpm10a/FPM10A.o
FPM10A_Get_Img                                    ./build/Debug/source/fpm10a/FPM10A.o
FPM10A_Get_Templete_Count                         ./build/Debug/source/fpm10a/FPM10A.o
FPM10A_Img_To_Buffer1                             ./build/Debug/source/fpm10a/FPM10A.o
FPM10A_Img_To_Buffer2                             ./build/Debug/source/fpm10a/FPM10A.o
FPM10A_Pack_Head                                  ./build/Debug/source/fpm10a/FPM10A.o
FPM10A_RECEICE_BUFFER                             ./build/Debug/source/fpm10a/FPM10A.o
                                                  ./build/Debug/source/main.o
FPM10A_Receive_Data                               ./build/Debug/source/fpm10a/FPM10A.o
                                                  ./build/Debug/source/main.o
FPM10A_Reg_Model                                  ./build/Debug/source/fpm10a/FPM10A.o
FPM10A_Save_Finger                                ./build/Debug/source/fpm10a/FPM10A.o
FPM10A_Search                                     ./build/Debug/source/fpm10a/FPM10A.o
FPM10A_Search_0_9                                 ./build/Debug/source/fpm10a/FPM10A.o
I2C0_ER_IRQHandler                                ./build/Debug/firmware/RISCV/env_Eclipse/start.o
I2C0_EV_IRQHandler                                ./build/Debug/firmware/RISCV/env_Eclipse/start.o
I2C1_ER_IRQHandler                                ./build/Debug/firmware/RISCV/env_Eclipse/start.o
I2C1_EV_IRQHandler                                ./build/Debug/firmware/RISCV/env_Eclipse/start.o
LVD_IRQHandler                                    ./build/Debug/firmware/RISCV/env_Eclipse/start.o
RCU_IRQHandler                                    ./build/Debug/firmware/RISCV/env_Eclipse/start.o
RTC_Alarm_IRQHandler                              ./build/Debug/firmware/RISCV/env_Eclipse/start.o
RTC_IRQHandler                                    ./build/Debug/firmware/RISCV/env_Eclipse/start.o
SPI0_IRQHandler                                   ./build/Debug/firmware/RISCV/env_Eclipse/start.o
SPI1_IRQHandler                                   ./build/Debug/firmware/RISCV/env_Eclipse/start.o
SPI2_IRQHandler                                   ./build/Debug/firmware/RISCV/env_Eclipse/start.o
SystemCoreClock                                   ./build/Debug/firmware/GD32VF103_standard_peripheral/system_gd32vf103.o
                                                  ./build/Debug/source/sys/systick.o
                                                  ./build/Debug/firmware/RISCV/drivers/n200_func.o
SystemCoreClockUpdate                             ./build/Debug/firmware/GD32VF103_standard_peripheral/system_gd32vf103.o
SystemInit                                        ./build/Debug/firmware/GD32VF103_standard_peripheral/system_gd32vf103.o
                                                  ./build/Debug/source/sys/init.o
                                                  ./build/Debug/source/init/init.o
TAMPER_IRQHandler                                 ./build/Debug/firmware/RISCV/env_Eclipse/start.o
TIMER0_BRK_IRQHandler                             ./build/Debug/firmware/RISCV/env_Eclipse/start.o
TIMER0_Channel_IRQHandler                         ./build/Debug/firmware/RISCV/env_Eclipse/start.o
TIMER0_TRG_CMT_IRQHandler                         ./build/Debug/firmware/RISCV/env_Eclipse/start.o
TIMER0_UP_IRQHandler                              ./build/Debug/source/init/timer.o
                                                  ./build/Debug/firmware/RISCV/env_Eclipse/start.o
TIMER1_IRQHandler                                 ./build/Debug/firmware/RISCV/env_Eclipse/start.o
TIMER2_IRQHandler                                 ./build/Debug/firmware/RISCV/env_Eclipse/start.o
TIMER3_IRQHandler                                 ./build/Debug/firmware/RISCV/env_Eclipse/start.o
TIMER4_IRQHandler                                 ./build/Debug/firmware/RISCV/env_Eclipse/start.o
TIMER5_IRQHandler                                 ./build/Debug/firmware/RISCV/env_Eclipse/start.o
TIMER6_IRQHandler                                 ./build/Debug/firmware/RISCV/env_Eclipse/start.o
TIMER_init                                        ./build/Debug/source/init/init.o
TIME_TICK                                         ./build/Debug/source/init/timer.o
                                                  ./build/Debug/source/main.o
UART3_IRQHandler                                  ./build/Debug/firmware/RISCV/env_Eclipse/start.o
UART4_IRQHandler                                  ./build/Debug/firmware/RISCV/env_Eclipse/start.o
USART0_IRQHandler                                 ./build/Debug/source/init/usart.o
                                                  ./build/Debug/firmware/RISCV/env_Eclipse/start.o
USART1_IRQHandler                                 ./build/Debug/firmware/RISCV/env_Eclipse/start.o
USART2_IRQHandler                                 ./build/Debug/firmware/RISCV/env_Eclipse/start.o
USBFS_IRQHandler                                  ./build/Debug/firmware/RISCV/env_Eclipse/start.o
USBFS_WKUP_IRQHandler                             ./build/Debug/firmware/RISCV/env_Eclipse/start.o
WWDGT_IRQHandler                                  ./build/Debug/firmware/RISCV/env_Eclipse/start.o
__atexit_dummy                                    e:/program files (x86)/normal-riscv-none-gcc-8.2.0-2.2-20190521-0004-win64/bin/../lib/gcc/riscv-none-embed/8.2.0/../../../../riscv-none-embed/lib/rv32imac/ilp32\libc_nano.a(lib_a-__atexit.o)
__bss_start                                       ./build/Debug/firmware/RISCV/env_Eclipse/start.o
__call_exitprocs                                  e:/program files (x86)/normal-riscv-none-gcc-8.2.0-2.2-20190521-0004-win64/bin/../lib/gcc/riscv-none-embed/8.2.0/../../../../riscv-none-embed/lib/rv32imac/ilp32\libc_nano.a(lib_a-__call_atexit.o)
                                                  e:/program files (x86)/normal-riscv-none-gcc-8.2.0-2.2-20190521-0004-win64/bin/../lib/gcc/riscv-none-embed/8.2.0/../../../../riscv-none-embed/lib/rv32imac/ilp32\libc_nano.a(lib_a-__atexit.o)
                                                  e:/program files (x86)/normal-riscv-none-gcc-8.2.0-2.2-20190521-0004-win64/bin/../lib/gcc/riscv-none-embed/8.2.0/../../../../riscv-none-embed/lib/rv32imac/ilp32\libc_nano.a(lib_a-exit.o)
__clz_tab                                         e:/program files (x86)/normal-riscv-none-gcc-8.2.0-2.2-20190521-0004-win64/bin/../lib/gcc/riscv-none-embed/8.2.0/rv32imac/ilp32\libgcc.a(_clz.o)
                                                  e:/program files (x86)/normal-riscv-none-gcc-8.2.0-2.2-20190521-0004-win64/bin/../lib/gcc/riscv-none-embed/8.2.0/rv32imac/ilp32\libgcc.a(_udivdi3.o)
                                                  e:/program files (x86)/normal-riscv-none-gcc-8.2.0-2.2-20190521-0004-win64/bin/../lib/gcc/riscv-none-embed/8.2.0/rv32imac/ilp32\libgcc.a(_divdi3.o)
__divdi3                                          e:/program files (x86)/normal-riscv-none-gcc-8.2.0-2.2-20190521-0004-win64/bin/../lib/gcc/riscv-none-embed/8.2.0/rv32imac/ilp32\libgcc.a(_divdi3.o)
                                                  ./build/Debug/source/sys/systick.o
__fini_array_end                                  e:/program files (x86)/normal-riscv-none-gcc-8.2.0-2.2-20190521-0004-win64/bin/../lib/gcc/riscv-none-embed/8.2.0/../../../../riscv-none-embed/lib/rv32imac/ilp32\libc_nano.a(lib_a-fini.o)
__fini_array_start                                e:/program files (x86)/normal-riscv-none-gcc-8.2.0-2.2-20190521-0004-win64/bin/../lib/gcc/riscv-none-embed/8.2.0/../../../../riscv-none-embed/lib/rv32imac/ilp32\libc_nano.a(lib_a-fini.o)
__global_pointer$                                 ./build/Debug/firmware/RISCV/env_Eclipse/start.o
__init_array_end                                  e:/program files (x86)/normal-riscv-none-gcc-8.2.0-2.2-20190521-0004-win64/bin/../lib/gcc/riscv-none-embed/8.2.0/../../../../riscv-none-embed/lib/rv32imac/ilp32\libc_nano.a(lib_a-init.o)
__init_array_start                                e:/program files (x86)/normal-riscv-none-gcc-8.2.0-2.2-20190521-0004-win64/bin/../lib/gcc/riscv-none-embed/8.2.0/../../../../riscv-none-embed/lib/rv32imac/ilp32\libc_nano.a(lib_a-init.o)
__libc_fini_array                                 e:/program files (x86)/normal-riscv-none-gcc-8.2.0-2.2-20190521-0004-win64/bin/../lib/gcc/riscv-none-embed/8.2.0/../../../../riscv-none-embed/lib/rv32imac/ilp32\libc_nano.a(lib_a-fini.o)
                                                  ./build/Debug/firmware/RISCV/env_Eclipse/start.o
__libc_init_array                                 e:/program files (x86)/normal-riscv-none-gcc-8.2.0-2.2-20190521-0004-win64/bin/../lib/gcc/riscv-none-embed/8.2.0/../../../../riscv-none-embed/lib/rv32imac/ilp32\libc_nano.a(lib_a-init.o)
                                                  ./build/Debug/firmware/RISCV/env_Eclipse/start.o
__malloc_free_list                                e:/program files (x86)/normal-riscv-none-gcc-8.2.0-2.2-20190521-0004-win64/bin/../lib/gcc/riscv-none-embed/8.2.0/../../../../riscv-none-embed/lib/rv32imac/ilp32\libc_nano.a(lib_a-nano-mallocr.o)
                                                  e:/program files (x86)/normal-riscv-none-gcc-8.2.0-2.2-20190521-0004-win64/bin/../lib/gcc/riscv-none-embed/8.2.0/../../../../riscv-none-embed/lib/rv32imac/ilp32\libc_nano.a(lib_a-nano-freer.o)
__malloc_lock                                     e:/program files (x86)/normal-riscv-none-gcc-8.2.0-2.2-20190521-0004-win64/bin/../lib/gcc/riscv-none-embed/8.2.0/../../../../riscv-none-embed/lib/rv32imac/ilp32\libc_nano.a(lib_a-mlock.o)
                                                  e:/program files (x86)/normal-riscv-none-gcc-8.2.0-2.2-20190521-0004-win64/bin/../lib/gcc/riscv-none-embed/8.2.0/../../../../riscv-none-embed/lib/rv32imac/ilp32\libc_nano.a(lib_a-nano-mallocr.o)
                                                  e:/program files (x86)/normal-riscv-none-gcc-8.2.0-2.2-20190521-0004-win64/bin/../lib/gcc/riscv-none-embed/8.2.0/../../../../riscv-none-embed/lib/rv32imac/ilp32\libc_nano.a(lib_a-nano-freer.o)
__malloc_sbrk_start                               e:/program files (x86)/normal-riscv-none-gcc-8.2.0-2.2-20190521-0004-win64/bin/../lib/gcc/riscv-none-embed/8.2.0/../../../../riscv-none-embed/lib/rv32imac/ilp32\libc_nano.a(lib_a-nano-mallocr.o)
__malloc_unlock                                   e:/program files (x86)/normal-riscv-none-gcc-8.2.0-2.2-20190521-0004-win64/bin/../lib/gcc/riscv-none-embed/8.2.0/../../../../riscv-none-embed/lib/rv32imac/ilp32\libc_nano.a(lib_a-mlock.o)
                                                  e:/program files (x86)/normal-riscv-none-gcc-8.2.0-2.2-20190521-0004-win64/bin/../lib/gcc/riscv-none-embed/8.2.0/../../../../riscv-none-embed/lib/rv32imac/ilp32\libc_nano.a(lib_a-nano-mallocr.o)
                                                  e:/program files (x86)/normal-riscv-none-gcc-8.2.0-2.2-20190521-0004-win64/bin/../lib/gcc/riscv-none-embed/8.2.0/../../../../riscv-none-embed/lib/rv32imac/ilp32\libc_nano.a(lib_a-nano-freer.o)
__on_exit_args                                    e:/program files (x86)/normal-riscv-none-gcc-8.2.0-2.2-20190521-0004-win64/bin/../lib/gcc/riscv-none-embed/8.2.0/../../../../riscv-none-embed/lib/rv32imac/ilp32\libc_nano.a(lib_a-__atexit.o)
__preinit_array_end                               e:/program files (x86)/normal-riscv-none-gcc-8.2.0-2.2-20190521-0004-win64/bin/../lib/gcc/riscv-none-embed/8.2.0/../../../../riscv-none-embed/lib/rv32imac/ilp32\libc_nano.a(lib_a-init.o)
__preinit_array_start                             e:/program files (x86)/normal-riscv-none-gcc-8.2.0-2.2-20190521-0004-win64/bin/../lib/gcc/riscv-none-embed/8.2.0/../../../../riscv-none-embed/lib/rv32imac/ilp32\libc_nano.a(lib_a-init.o)
__register_exitproc                               e:/program files (x86)/normal-riscv-none-gcc-8.2.0-2.2-20190521-0004-win64/bin/../lib/gcc/riscv-none-embed/8.2.0/../../../../riscv-none-embed/lib/rv32imac/ilp32\libc_nano.a(lib_a-__atexit.o)
                                                  e:/program files (x86)/normal-riscv-none-gcc-8.2.0-2.2-20190521-0004-win64/bin/../lib/gcc/riscv-none-embed/8.2.0/../../../../riscv-none-embed/lib/rv32imac/ilp32\libc_nano.a(lib_a-atexit.o)
__sf_fake_stderr                                  e:/program files (x86)/normal-riscv-none-gcc-8.2.0-2.2-20190521-0004-win64/bin/../lib/gcc/riscv-none-embed/8.2.0/../../../../riscv-none-embed/lib/rv32imac/ilp32\libc_nano.a(lib_a-impure.o)
__sf_fake_stdin                                   e:/program files (x86)/normal-riscv-none-gcc-8.2.0-2.2-20190521-0004-win64/bin/../lib/gcc/riscv-none-embed/8.2.0/../../../../riscv-none-embed/lib/rv32imac/ilp32\libc_nano.a(lib_a-impure.o)
__sf_fake_stdout                                  e:/program files (x86)/normal-riscv-none-gcc-8.2.0-2.2-20190521-0004-win64/bin/../lib/gcc/riscv-none-embed/8.2.0/../../../../riscv-none-embed/lib/rv32imac/ilp32\libc_nano.a(lib_a-impure.o)
__ssprint_r                                       e:/program files (x86)/normal-riscv-none-gcc-8.2.0-2.2-20190521-0004-win64/bin/../lib/gcc/riscv-none-embed/8.2.0/../../../../riscv-none-embed/lib/rv32imac/ilp32\libc_nano.a(lib_a-nano-svfprintf.o)
__ssputs_r                                        e:/program files (x86)/normal-riscv-none-gcc-8.2.0-2.2-20190521-0004-win64/bin/../lib/gcc/riscv-none-embed/8.2.0/../../../../riscv-none-embed/lib/rv32imac/ilp32\libc_nano.a(lib_a-nano-svfprintf.o)
__udivdi3                                         e:/program files (x86)/normal-riscv-none-gcc-8.2.0-2.2-20190521-0004-win64/bin/../lib/gcc/riscv-none-embed/8.2.0/rv32imac/ilp32\libgcc.a(_udivdi3.o)
                                                  ./build/Debug/source/sys/systick.o
_close                                            ./build/Debug/firmware/RISCV/stubs/close.o
_data                                             ./build/Debug/firmware/RISCV/env_Eclipse/start.o
_data_lma                                         ./build/Debug/firmware/RISCV/env_Eclipse/start.o
_edata                                            ./build/Debug/firmware/RISCV/env_Eclipse/start.o
_end                                              ./build/Debug/firmware/RISCV/env_Eclipse/start.o
                                                  ./build/Debug/firmware/RISCV/stubs/sbrk.o
_exit                                             e:/program files (x86)/normal-riscv-none-gcc-8.2.0-2.2-20190521-0004-win64/bin/../lib/gcc/riscv-none-embed/8.2.0/../../../../riscv-none-embed/lib/rv32imac/ilp32\libnosys.a(_exit.o)
                                                  e:/program files (x86)/normal-riscv-none-gcc-8.2.0-2.2-20190521-0004-win64/bin/../lib/gcc/riscv-none-embed/8.2.0/../../../../riscv-none-embed/lib/rv32imac/ilp32\libc_nano.a(lib_a-exit.o)
                                                  ./build/Debug/source/sys/handlers.o
_fini                                             ./build/Debug/source/sys/init.o
                                                  e:/program files (x86)/normal-riscv-none-gcc-8.2.0-2.2-20190521-0004-win64/bin/../lib/gcc/riscv-none-embed/8.2.0/../../../../riscv-none-embed/lib/rv32imac/ilp32\libc_nano.a(lib_a-fini.o)
_free_r                                           e:/program files (x86)/normal-riscv-none-gcc-8.2.0-2.2-20190521-0004-win64/bin/../lib/gcc/riscv-none-embed/8.2.0/../../../../riscv-none-embed/lib/rv32imac/ilp32\libc_nano.a(lib_a-nano-freer.o)
                                                  e:/program files (x86)/normal-riscv-none-gcc-8.2.0-2.2-20190521-0004-win64/bin/../lib/gcc/riscv-none-embed/8.2.0/../../../../riscv-none-embed/lib/rv32imac/ilp32\libc_nano.a(lib_a-reent.o)
                                                  e:/program files (x86)/normal-riscv-none-gcc-8.2.0-2.2-20190521-0004-win64/bin/../lib/gcc/riscv-none-embed/8.2.0/../../../../riscv-none-embed/lib/rv32imac/ilp32\libc_nano.a(lib_a-nano-reallocr.o)
                                                  e:/program files (x86)/normal-riscv-none-gcc-8.2.0-2.2-20190521-0004-win64/bin/../lib/gcc/riscv-none-embed/8.2.0/../../../../riscv-none-embed/lib/rv32imac/ilp32\libc_nano.a(lib_a-nano-svfprintf.o)
_fstat                                            ./build/Debug/firmware/RISCV/stubs/fstat.o
_global_atexit                                    e:/program files (x86)/normal-riscv-none-gcc-8.2.0-2.2-20190521-0004-win64/bin/../lib/gcc/riscv-none-embed/8.2.0/../../../../riscv-none-embed/lib/rv32imac/ilp32\libc_nano.a(lib_a-__call_atexit.o)
                                                  e:/program files (x86)/normal-riscv-none-gcc-8.2.0-2.2-20190521-0004-win64/bin/../lib/gcc/riscv-none-embed/8.2.0/../../../../riscv-none-embed/lib/rv32imac/ilp32\libc_nano.a(lib_a-__atexit.o)
_global_impure_ptr                                e:/program files (x86)/normal-riscv-none-gcc-8.2.0-2.2-20190521-0004-win64/bin/../lib/gcc/riscv-none-embed/8.2.0/../../../../riscv-none-embed/lib/rv32imac/ilp32\libc_nano.a(lib_a-impure.o)
                                                  e:/program files (x86)/normal-riscv-none-gcc-8.2.0-2.2-20190521-0004-win64/bin/../lib/gcc/riscv-none-embed/8.2.0/../../../../riscv-none-embed/lib/rv32imac/ilp32\libc_nano.a(lib_a-exit.o)
_heap_end                                         ./build/Debug/firmware/RISCV/stubs/sbrk.o
_impure_ptr                                       e:/program files (x86)/normal-riscv-none-gcc-8.2.0-2.2-20190521-0004-win64/bin/../lib/gcc/riscv-none-embed/8.2.0/../../../../riscv-none-embed/lib/rv32imac/ilp32\libc_nano.a(lib_a-impure.o)
                                                  e:/program files (x86)/normal-riscv-none-gcc-8.2.0-2.2-20190521-0004-win64/bin/../lib/gcc/riscv-none-embed/8.2.0/../../../../riscv-none-embed/lib/rv32imac/ilp32\libc_nano.a(lib_a-reent.o)
                                                  e:/program files (x86)/normal-riscv-none-gcc-8.2.0-2.2-20190521-0004-win64/bin/../lib/gcc/riscv-none-embed/8.2.0/../../../../riscv-none-embed/lib/rv32imac/ilp32\libc_nano.a(lib_a-sprintf.o)
_init                                             ./build/Debug/source/sys/init.o
                                                  e:/program files (x86)/normal-riscv-none-gcc-8.2.0-2.2-20190521-0004-win64/bin/../lib/gcc/riscv-none-embed/8.2.0/../../../../riscv-none-embed/lib/rv32imac/ilp32\libc_nano.a(lib_a-init.o)
_isatty                                           ./build/Debug/firmware/RISCV/stubs/isatty.o
                                                  e:/program files (x86)/normal-riscv-none-gcc-8.2.0-2.2-20190521-0004-win64/bin/../lib/gcc/riscv-none-embed/8.2.0/../../../../riscv-none-embed/lib/rv32imac/ilp32\libc_nano.a(lib_a-sysisatty.o)
_lseek                                            ./build/Debug/firmware/RISCV/stubs/lseek.o
_malloc_r                                         e:/program files (x86)/normal-riscv-none-gcc-8.2.0-2.2-20190521-0004-win64/bin/../lib/gcc/riscv-none-embed/8.2.0/../../../../riscv-none-embed/lib/rv32imac/ilp32\libc_nano.a(lib_a-nano-mallocr.o)
                                                  e:/program files (x86)/normal-riscv-none-gcc-8.2.0-2.2-20190521-0004-win64/bin/../lib/gcc/riscv-none-embed/8.2.0/../../../../riscv-none-embed/lib/rv32imac/ilp32\libc_nano.a(lib_a-nano-reallocr.o)
                                                  e:/program files (x86)/normal-riscv-none-gcc-8.2.0-2.2-20190521-0004-win64/bin/../lib/gcc/riscv-none-embed/8.2.0/../../../../riscv-none-embed/lib/rv32imac/ilp32\libc_nano.a(lib_a-nano-svfprintf.o)
_malloc_usable_size_r                             e:/program files (x86)/normal-riscv-none-gcc-8.2.0-2.2-20190521-0004-win64/bin/../lib/gcc/riscv-none-embed/8.2.0/../../../../riscv-none-embed/lib/rv32imac/ilp32\libc_nano.a(lib_a-nano-msizer.o)
                                                  e:/program files (x86)/normal-riscv-none-gcc-8.2.0-2.2-20190521-0004-win64/bin/../lib/gcc/riscv-none-embed/8.2.0/../../../../riscv-none-embed/lib/rv32imac/ilp32\libc_nano.a(lib_a-nano-reallocr.o)
_printf_common                                    e:/program files (x86)/normal-riscv-none-gcc-8.2.0-2.2-20190521-0004-win64/bin/../lib/gcc/riscv-none-embed/8.2.0/../../../../riscv-none-embed/lib/rv32imac/ilp32\libc_nano.a(lib_a-nano-vfprintf_i.o)
_printf_float                                     e:/program files (x86)/normal-riscv-none-gcc-8.2.0-2.2-20190521-0004-win64/bin/../lib/gcc/riscv-none-embed/8.2.0/../../../../riscv-none-embed/lib/rv32imac/ilp32\libc_nano.a(lib_a-nano-svfprintf.o)
_printf_i                                         e:/program files (x86)/normal-riscv-none-gcc-8.2.0-2.2-20190521-0004-win64/bin/../lib/gcc/riscv-none-embed/8.2.0/../../../../riscv-none-embed/lib/rv32imac/ilp32\libc_nano.a(lib_a-nano-vfprintf_i.o)
                                                  e:/program files (x86)/normal-riscv-none-gcc-8.2.0-2.2-20190521-0004-win64/bin/../lib/gcc/riscv-none-embed/8.2.0/../../../../riscv-none-embed/lib/rv32imac/ilp32\libc_nano.a(lib_a-nano-svfprintf.o)
_put_char                                         ./build/Debug/source/init/usart.o
                                                  ./build/Debug/firmware/RISCV/stubs/write.o
                                                  ./build/Debug/source/fpm10a/FPM10A.o
_read                                             ./build/Debug/firmware/RISCV/stubs/read.o
_realloc_r                                        e:/program files (x86)/normal-riscv-none-gcc-8.2.0-2.2-20190521-0004-win64/bin/../lib/gcc/riscv-none-embed/8.2.0/../../../../riscv-none-embed/lib/rv32imac/ilp32\libc_nano.a(lib_a-nano-reallocr.o)
                                                  e:/program files (x86)/normal-riscv-none-gcc-8.2.0-2.2-20190521-0004-win64/bin/../lib/gcc/riscv-none-embed/8.2.0/../../../../riscv-none-embed/lib/rv32imac/ilp32\libc_nano.a(lib_a-nano-svfprintf.o)
_reclaim_reent                                    e:/program files (x86)/normal-riscv-none-gcc-8.2.0-2.2-20190521-0004-win64/bin/../lib/gcc/riscv-none-embed/8.2.0/../../../../riscv-none-embed/lib/rv32imac/ilp32\libc_nano.a(lib_a-reent.o)
_sbrk                                             ./build/Debug/firmware/RISCV/stubs/sbrk.o
                                                  e:/program files (x86)/normal-riscv-none-gcc-8.2.0-2.2-20190521-0004-win64/bin/../lib/gcc/riscv-none-embed/8.2.0/../../../../riscv-none-embed/lib/rv32imac/ilp32\libc_nano.a(lib_a-sbrkr.o)
_sbrk_r                                           e:/program files (x86)/normal-riscv-none-gcc-8.2.0-2.2-20190521-0004-win64/bin/../lib/gcc/riscv-none-embed/8.2.0/../../../../riscv-none-embed/lib/rv32imac/ilp32\libc_nano.a(lib_a-sbrkr.o)
                                                  e:/program files (x86)/normal-riscv-none-gcc-8.2.0-2.2-20190521-0004-win64/bin/../lib/gcc/riscv-none-embed/8.2.0/../../../../riscv-none-embed/lib/rv32imac/ilp32\libc_nano.a(lib_a-nano-mallocr.o)
_siprintf_r                                       e:/program files (x86)/normal-riscv-none-gcc-8.2.0-2.2-20190521-0004-win64/bin/../lib/gcc/riscv-none-embed/8.2.0/../../../../riscv-none-embed/lib/rv32imac/ilp32\libc_nano.a(lib_a-sprintf.o)
_sp                                               ./build/Debug/firmware/RISCV/env_Eclipse/start.o
_sprintf_r                                        e:/program files (x86)/normal-riscv-none-gcc-8.2.0-2.2-20190521-0004-win64/bin/../lib/gcc/riscv-none-embed/8.2.0/../../../../riscv-none-embed/lib/rv32imac/ilp32\libc_nano.a(lib_a-sprintf.o)
_start                                            ./build/Debug/firmware/RISCV/env_Eclipse/start.o
_svfiprintf_r                                     e:/program files (x86)/normal-riscv-none-gcc-8.2.0-2.2-20190521-0004-win64/bin/../lib/gcc/riscv-none-embed/8.2.0/../../../../riscv-none-embed/lib/rv32imac/ilp32\libc_nano.a(lib_a-nano-svfprintf.o)
_svfprintf_r                                      e:/program files (x86)/normal-riscv-none-gcc-8.2.0-2.2-20190521-0004-win64/bin/../lib/gcc/riscv-none-embed/8.2.0/../../../../riscv-none-embed/lib/rv32imac/ilp32\libc_nano.a(lib_a-nano-svfprintf.o)
                                                  e:/program files (x86)/normal-riscv-none-gcc-8.2.0-2.2-20190521-0004-win64/bin/../lib/gcc/riscv-none-embed/8.2.0/../../../../riscv-none-embed/lib/rv32imac/ilp32\libc_nano.a(lib_a-sprintf.o)
_write                                            ./build/Debug/firmware/RISCV/stubs/write.o
adc_calibration_enable                            ./build/Debug/firmware/GD32VF103_standard_peripheral/Source/gd32vf103_adc.o
adc_channel_length_config                         ./build/Debug/firmware/GD32VF103_standard_peripheral/Source/gd32vf103_adc.o
adc_data_alignment_config                         ./build/Debug/firmware/GD32VF103_standard_peripheral/Source/gd32vf103_adc.o
adc_deinit                                        ./build/Debug/firmware/GD32VF103_standard_peripheral/Source/gd32vf103_adc.o
adc_disable                                       ./build/Debug/firmware/GD32VF103_standard_peripheral/Source/gd32vf103_adc.o
adc_discontinuous_mode_config                     ./build/Debug/firmware/GD32VF103_standard_peripheral/Source/gd32vf103_adc.o
adc_dma_mode_disable                              ./build/Debug/firmware/GD32VF103_standard_peripheral/Source/gd32vf103_adc.o
adc_dma_mode_enable                               ./build/Debug/firmware/GD32VF103_standard_peripheral/Source/gd32vf103_adc.o
adc_enable                                        ./build/Debug/firmware/GD32VF103_standard_peripheral/Source/gd32vf103_adc.o
adc_external_trigger_config                       ./build/Debug/firmware/GD32VF103_standard_peripheral/Source/gd32vf103_adc.o
adc_external_trigger_source_config                ./build/Debug/firmware/GD32VF103_standard_peripheral/Source/gd32vf103_adc.o
adc_flag_clear                                    ./build/Debug/firmware/GD32VF103_standard_peripheral/Source/gd32vf103_adc.o
adc_flag_get                                      ./build/Debug/firmware/GD32VF103_standard_peripheral/Source/gd32vf103_adc.o
adc_inserted_channel_config                       ./build/Debug/firmware/GD32VF103_standard_peripheral/Source/gd32vf103_adc.o
adc_inserted_channel_offset_config                ./build/Debug/firmware/GD32VF103_standard_peripheral/Source/gd32vf103_adc.o
adc_inserted_data_read                            ./build/Debug/firmware/GD32VF103_standard_peripheral/Source/gd32vf103_adc.o
adc_inserted_software_startconv_flag_get          ./build/Debug/firmware/GD32VF103_standard_peripheral/Source/gd32vf103_adc.o
adc_interrupt_disable                             ./build/Debug/firmware/GD32VF103_standard_peripheral/Source/gd32vf103_adc.o